// Jest Snapshot v1, https://goo.gl/fbAQLP

exports[`Tags should render default component 1`] = `
Object {
  "asFragment": [Function],
  "baseElement": .c0 {
  display: -webkit-box;
  display: -webkit-flex;
  display: -ms-flexbox;
  display: flex;
  -webkit-flex-flow: wrap;
  -ms-flex-flow: wrap;
  flex-flow: wrap;
}

.c0 > * {
  margin-right: 8px;
}

.c0 > *:last-child {
  margin-right: 0;
}

.c1 {
  position: relative;
  box-sizing: border-box;
  height: 24px;
  width: 50px;
  margin-top: 8px;
  padding: 3px 7px;
  border-radius: 4px;
  background: #E2E5E9;
  border: 1px solid #E2E5E9;
  display: -webkit-inline-box;
  display: -webkit-inline-flex;
  display: -ms-inline-flexbox;
  display: inline-flex;
  -webkit-align-items: center;
  -webkit-box-align: center;
  -ms-flex-align: center;
  align-items: center;
  cursor: pointer;
}

.c1:hover,
.c1:active {
  background: #D3D8DE;
}

.c1:focus {
  outline: none;
}

.c1:focus:before {
  content: '';
  position: absolute;
  top: -4px;
  bottom: -4px;
  left: -4px;
  right: -4px;
  border-radius: 6px;
  border: 2px solid #0A54C2;
}

.c4 {
  position: relative;
  box-sizing: border-box;
  height: 24px;
  width: auto;
  margin-top: 8px;
  padding: 3px 7px;
  border-radius: 4px;
  background: #E2E5E9;
  border: 1px solid #E2E5E9;
  display: -webkit-inline-box;
  display: -webkit-inline-flex;
  display: -ms-inline-flexbox;
  display: inline-flex;
  -webkit-align-items: center;
  -webkit-box-align: center;
  -ms-flex-align: center;
  align-items: center;
  cursor: pointer;
}

.c4:hover,
.c4:active {
  background: #D3D8DE;
}

.c4:focus {
  outline: none;
}

.c4:focus:before {
  content: '';
  position: absolute;
  top: -4px;
  bottom: -4px;
  left: -4px;
  right: -4px;
  border-radius: 6px;
  border: 2px solid #0A54C2;
}

.c3 {
  color: #2B313B;
  -webkit-user-select: none;
  -moz-user-select: none;
  -ms-user-select: none;
  user-select: none;
  overflow: hidden;
  text-overflow: ellipsis;
  white-space: nowrap;
  font-family: 'VTB Group UI',sans-serif;
  font-style: normal;
  font-weight: normal;
  font-size: 12px;
  line-height: 16px;
  font-feature-settings: 'tnum' on,'lnum' on;
  color: #2B313B;
}

.c2 {
  display: -webkit-box;
  display: -webkit-flex;
  display: -ms-flexbox;
  display: flex;
  -webkit-flex-shrink: 0;
  -ms-flex-negative: 0;
  flex-shrink: 0;
  width: 8px;
  height: 8px;
  border-radius: 50%;
  margin-right: 6px;
  background: #2ABB5B;
}

.c5 {
  display: -webkit-box;
  display: -webkit-flex;
  display: -ms-flexbox;
  display: flex;
  -webkit-flex-shrink: 0;
  -ms-flex-negative: 0;
  flex-shrink: 0;
  width: 8px;
  height: 8px;
  border-radius: 50%;
  margin-right: 6px;
  background: #DA0B20;
}

<body>
    <div>
      <div
        class="c0"
      >
        <button
          class="c1"
          data-testid="1"
          width="50"
        >
          <div
            class="c2"
          />
          <span
            class="c3"
          >
            Neutral
          </span>
        </button>
        <button
          class="c4"
          data-testid="2"
          width="auto"
        >
          <div
            class="c5"
          />
          <span
            class="c3"
          >
            Red
          </span>
        </button>
        <button
          class="c1"
          data-testid="3"
          width="50"
        >
          <div
            class="c2"
          />
          <span
            class="c3"
          >
            Orange
          </span>
        </button>
      </div>
    </div>
  </body>,
  "container": .c0 {
  display: -webkit-box;
  display: -webkit-flex;
  display: -ms-flexbox;
  display: flex;
  -webkit-flex-flow: wrap;
  -ms-flex-flow: wrap;
  flex-flow: wrap;
}

.c0 > * {
  margin-right: 8px;
}

.c0 > *:last-child {
  margin-right: 0;
}

.c1 {
  position: relative;
  box-sizing: border-box;
  height: 24px;
  width: 50px;
  margin-top: 8px;
  padding: 3px 7px;
  border-radius: 4px;
  background: #E2E5E9;
  border: 1px solid #E2E5E9;
  display: -webkit-inline-box;
  display: -webkit-inline-flex;
  display: -ms-inline-flexbox;
  display: inline-flex;
  -webkit-align-items: center;
  -webkit-box-align: center;
  -ms-flex-align: center;
  align-items: center;
  cursor: pointer;
}

.c1:hover,
.c1:active {
  background: #D3D8DE;
}

.c1:focus {
  outline: none;
}

.c1:focus:before {
  content: '';
  position: absolute;
  top: -4px;
  bottom: -4px;
  left: -4px;
  right: -4px;
  border-radius: 6px;
  border: 2px solid #0A54C2;
}

.c4 {
  position: relative;
  box-sizing: border-box;
  height: 24px;
  width: auto;
  margin-top: 8px;
  padding: 3px 7px;
  border-radius: 4px;
  background: #E2E5E9;
  border: 1px solid #E2E5E9;
  display: -webkit-inline-box;
  display: -webkit-inline-flex;
  display: -ms-inline-flexbox;
  display: inline-flex;
  -webkit-align-items: center;
  -webkit-box-align: center;
  -ms-flex-align: center;
  align-items: center;
  cursor: pointer;
}

.c4:hover,
.c4:active {
  background: #D3D8DE;
}

.c4:focus {
  outline: none;
}

.c4:focus:before {
  content: '';
  position: absolute;
  top: -4px;
  bottom: -4px;
  left: -4px;
  right: -4px;
  border-radius: 6px;
  border: 2px solid #0A54C2;
}

.c3 {
  color: #2B313B;
  -webkit-user-select: none;
  -moz-user-select: none;
  -ms-user-select: none;
  user-select: none;
  overflow: hidden;
  text-overflow: ellipsis;
  white-space: nowrap;
  font-family: 'VTB Group UI',sans-serif;
  font-style: normal;
  font-weight: normal;
  font-size: 12px;
  line-height: 16px;
  font-feature-settings: 'tnum' on,'lnum' on;
  color: #2B313B;
}

.c2 {
  display: -webkit-box;
  display: -webkit-flex;
  display: -ms-flexbox;
  display: flex;
  -webkit-flex-shrink: 0;
  -ms-flex-negative: 0;
  flex-shrink: 0;
  width: 8px;
  height: 8px;
  border-radius: 50%;
  margin-right: 6px;
  background: #2ABB5B;
}

.c5 {
  display: -webkit-box;
  display: -webkit-flex;
  display: -ms-flexbox;
  display: flex;
  -webkit-flex-shrink: 0;
  -ms-flex-negative: 0;
  flex-shrink: 0;
  width: 8px;
  height: 8px;
  border-radius: 50%;
  margin-right: 6px;
  background: #DA0B20;
}

<div>
    <div
      class="c0"
    >
      <button
        class="c1"
        data-testid="1"
        width="50"
      >
        <div
          class="c2"
        />
        <span
          class="c3"
        >
          Neutral
        </span>
      </button>
      <button
        class="c4"
        data-testid="2"
        width="auto"
      >
        <div
          class="c5"
        />
        <span
          class="c3"
        >
          Red
        </span>
      </button>
      <button
        class="c1"
        data-testid="3"
        width="50"
      >
        <div
          class="c2"
        />
        <span
          class="c3"
        >
          Orange
        </span>
      </button>
    </div>
  </div>,
  "debug": [Function],
  "findAllByAltText": [Function],
  "findAllByDisplayValue": [Function],
  "findAllByLabelText": [Function],
  "findAllByPlaceholderText": [Function],
  "findAllByRole": [Function],
  "findAllByTestId": [Function],
  "findAllByText": [Function],
  "findAllByTitle": [Function],
  "findByAltText": [Function],
  "findByDisplayValue": [Function],
  "findByLabelText": [Function],
  "findByPlaceholderText": [Function],
  "findByRole": [Function],
  "findByTestId": [Function],
  "findByText": [Function],
  "findByTitle": [Function],
  "getAllByAltText": [Function],
  "getAllByDisplayValue": [Function],
  "getAllByLabelText": [Function],
  "getAllByPlaceholderText": [Function],
  "getAllByRole": [Function],
  "getAllByTestId": [Function],
  "getAllByText": [Function],
  "getAllByTitle": [Function],
  "getByAltText": [Function],
  "getByDisplayValue": [Function],
  "getByLabelText": [Function],
  "getByPlaceholderText": [Function],
  "getByRole": [Function],
  "getByTestId": [Function],
  "getByText": [Function],
  "getByTitle": [Function],
  "queryAllByAltText": [Function],
  "queryAllByDisplayValue": [Function],
  "queryAllByLabelText": [Function],
  "queryAllByPlaceholderText": [Function],
  "queryAllByRole": [Function],
  "queryAllByTestId": [Function],
  "queryAllByText": [Function],
  "queryAllByTitle": [Function],
  "queryByAltText": [Function],
  "queryByDisplayValue": [Function],
  "queryByLabelText": [Function],
  "queryByPlaceholderText": [Function],
  "queryByRole": [Function],
  "queryByTestId": [Function],
  "queryByText": [Function],
  "queryByTitle": [Function],
  "rerender": [Function],
  "unmount": [Function],
}
`;
