// Jest Snapshot v1, https://goo.gl/fbAQLP

exports[`Spinner should render component with dimension m 1`] = `
Object {
  "asFragment": [Function],
  "baseElement": .c9 {
  -webkit-transition: all 0.3s;
  transition: all 0.3s;
  -webkit-flex-shrink: 0;
  -ms-flex-negative: 0;
  flex-shrink: 0;
  width: 24px;
  height: 24px;
  margin: 0 0 0 8px;
}

[data-icon='left'] .c8 {
  margin: 0 8px 0 0;
}

.c9 *[fill^='#'] {
  fill: #717681;
}

[data-disabled='true'] .c8 *[fill^='#'] {
  fill: #B0B5BD;
}

[data-dimension='m'] .c8 {
  width: 20px;
  height: 20px;
}

.c6 {
  position: relative;
  width: 100%;
  height: 100%;
  display: -webkit-box;
  display: -webkit-flex;
  display: -ms-flexbox;
  display: flex;
  -webkit-align-items: flex-start;
  -webkit-box-align: flex-start;
  -ms-flex-align: flex-start;
  align-items: flex-start;
  padding: 16px 16px 15px 16px;
}

[data-dimension='m'] .c6.c6 {
  padding: 10px 16px 9px 16px;
}

[data-icon='left'] .c5 {
  -webkit-flex-direction: row-reverse;
  -ms-flex-direction: row-reverse;
  flex-direction: row-reverse;
}

.c7 {
  display: -webkit-inline-box;
  display: -webkit-inline-flex;
  display: -ms-inline-flexbox;
  display: inline-flex;
  -webkit-flex: 1 1 auto;
  -ms-flex: 1 1 auto;
  flex: 1 1 auto;
}

.c4 {
  position: relative;
  display: -webkit-box;
  display: -webkit-flex;
  display: -ms-flexbox;
  display: flex;
  -webkit-box-pack: justify;
  -webkit-justify-content: space-between;
  -ms-flex-pack: justify;
  justify-content: space-between;
  -webkit-align-items: center;
  -webkit-box-align: center;
  -ms-flex-align: center;
  align-items: center;
  min-height: 54px;
  width: 100%;
  background: transparent;
  -webkit-tap-highlight-color: transparent;
  text-align: left;
  border: none;
  background: none;
  margin: 0;
  padding: 0;
  cursor: pointer;
  overflow: visible;
  color: #23262D;
  font-family: 'VTB Group UI',sans-serif;
  font-style: normal;
  font-weight: 550;
  font-size: 16px;
  line-height: 24px;
  font-feature-settings: 'tnum' on,'lnum' on;
}

.c4:hover {
  background: #0000000D;
}

.c4:focus:before {
  position: absolute;
  content: '';
  border: 2px solid #0062FF;
  top: -1px;
  left: 0;
  bottom: -1px;
  right: 0;
}

.c4:focus,
.c4 > .c5 {
  outline: none;
}

[data-dimension='m'] .c3 {
  min-height: 38px;
  font-family: 'VTB Group UI',sans-serif;
  font-style: normal;
  font-weight: 550;
  font-size: 14px;
  line-height: 20px;
  font-feature-settings: 'tnum' on,'lnum' on;
}

.c2 {
  border-bottom: 1px solid #D5D8DE;
}

.c2 > .c3 .c8 {
  -webkit-transform: rotate(0deg);
  -ms-transform: rotate(0deg);
  transform: rotate(0deg);
}

.c12 {
  color: #23262D;
  overflow-y: auto;
  max-height: 100vh;
  padding: 4px 16px 16px 16px;
  font-family: 'VTB Group UI',sans-serif;
  font-style: normal;
  font-weight: 400;
  font-size: 16px;
  line-height: 24px;
  font-feature-settings: 'tnum' on,'lnum' on;
}

[data-dimension='m'] .c11 {
  padding: 4px 16px 10px 16px;
  font-family: 'VTB Group UI',sans-serif;
  font-style: normal;
  font-weight: 400;
  font-size: 14px;
  line-height: 20px;
  font-feature-settings: 'tnum' on,'lnum' on;
}

.c0 {
  position: relative;
}

.c0 > .c1:first-child {
  border-top: 1px solid #D5D8DE;
}

.c0 > .c1:first-child .c5 {
  padding: 9px 16px;
}

.c0 > .c1:last-child {
  border-bottom: 1px solid #D5D8DE;
}

.c10 {
  overflow: hidden;
  -webkit-transition: max-height 250ms cubic-bezier(0.4,0,0.2,1),visibility 250ms cubic-bezier(0.4,0,0.2,1);
  transition: max-height 250ms cubic-bezier(0.4,0,0.2,1),visibility 250ms cubic-bezier(0.4,0,0.2,1);
  max-height: 0;
  visibility: hidden;
}

<body>
    <div>
      <div
        class="c0"
        data-dimension="m"
        data-icon="right"
      >
        <div
          class="c1 c2"
        >
          <button
            aria-controls="accordion_content_AccordionItem_1"
            class="c3 c4"
            id="accordion_title_AccordionItem_1"
            role="button"
            type="button"
          >
            <span
              class="c5 c6"
              tabindex="-1"
            >
              <span
                class="c7"
              >
                Первый пункт
              </span>
              <div
                aria-hidden="true"
                class="c8 c9"
              />
            </span>
          </button>
          <div
            class="c10"
          >
            <div
              aria-labelledby="accordion_title_AccordionItem_1"
              class="c11 c12"
              id="accordion_content_AccordionItem_1"
              role="region"
            >
              Контент первого пункта
            </div>
          </div>
        </div>
        <div
          class="c1 c2"
        >
          <button
            aria-controls="accordion_content_AccordionItem_2"
            class="c3 c4"
            id="accordion_title_AccordionItem_2"
            role="button"
            type="button"
          >
            <span
              class="c5 c6"
              tabindex="-1"
            >
              <span
                class="c7"
              >
                Второй пункт
              </span>
              <div
                aria-hidden="true"
                class="c8 c9"
              />
            </span>
          </button>
          <div
            class="c10"
          >
            <div
              aria-labelledby="accordion_title_AccordionItem_2"
              class="c11 c12"
              id="accordion_content_AccordionItem_2"
              role="region"
            >
              Аккордеон — это вертикальный список заголовков, которые, при нажатии, показывают контент находящийся под ними.
            </div>
          </div>
        </div>
        <div
          class="c1 c2"
        >
          <button
            aria-controls="accordion_content_AccordionItem_3"
            class="c3 c4"
            id="accordion_title_AccordionItem_3"
            role="button"
            type="button"
          >
            <span
              class="c5 c6"
              tabindex="-1"
            >
              <span
                class="c7"
              >
                Третий пункт
              </span>
              <div
                aria-hidden="true"
                class="c8 c9"
              />
            </span>
          </button>
          <div
            class="c10"
          >
            <div
              aria-labelledby="accordion_title_AccordionItem_3"
              class="c11 c12"
              id="accordion_content_AccordionItem_3"
              role="region"
            >
              Будущее игр никогда не было таким вдохновляющим. Творчество в играх процветает. Новые сервисы позволяют находить больше игр, а также приближают игроков к любимым играм, стримерам и создателям. Облако создает огромную возможность для потоковой передачи игр консольного уровня, что позволит людям играть с теми игроками, с кем хочется и где захочется. И для многих из нас нет ничего более вдохновляющего, чем рассвет нового поколения консолей.
            </div>
          </div>
        </div>
      </div>
    </div>
  </body>,
  "container": .c9 {
  -webkit-transition: all 0.3s;
  transition: all 0.3s;
  -webkit-flex-shrink: 0;
  -ms-flex-negative: 0;
  flex-shrink: 0;
  width: 24px;
  height: 24px;
  margin: 0 0 0 8px;
}

[data-icon='left'] .c8 {
  margin: 0 8px 0 0;
}

.c9 *[fill^='#'] {
  fill: #717681;
}

[data-disabled='true'] .c8 *[fill^='#'] {
  fill: #B0B5BD;
}

[data-dimension='m'] .c8 {
  width: 20px;
  height: 20px;
}

.c6 {
  position: relative;
  width: 100%;
  height: 100%;
  display: -webkit-box;
  display: -webkit-flex;
  display: -ms-flexbox;
  display: flex;
  -webkit-align-items: flex-start;
  -webkit-box-align: flex-start;
  -ms-flex-align: flex-start;
  align-items: flex-start;
  padding: 16px 16px 15px 16px;
}

[data-dimension='m'] .c6.c6 {
  padding: 10px 16px 9px 16px;
}

[data-icon='left'] .c5 {
  -webkit-flex-direction: row-reverse;
  -ms-flex-direction: row-reverse;
  flex-direction: row-reverse;
}

.c7 {
  display: -webkit-inline-box;
  display: -webkit-inline-flex;
  display: -ms-inline-flexbox;
  display: inline-flex;
  -webkit-flex: 1 1 auto;
  -ms-flex: 1 1 auto;
  flex: 1 1 auto;
}

.c4 {
  position: relative;
  display: -webkit-box;
  display: -webkit-flex;
  display: -ms-flexbox;
  display: flex;
  -webkit-box-pack: justify;
  -webkit-justify-content: space-between;
  -ms-flex-pack: justify;
  justify-content: space-between;
  -webkit-align-items: center;
  -webkit-box-align: center;
  -ms-flex-align: center;
  align-items: center;
  min-height: 54px;
  width: 100%;
  background: transparent;
  -webkit-tap-highlight-color: transparent;
  text-align: left;
  border: none;
  background: none;
  margin: 0;
  padding: 0;
  cursor: pointer;
  overflow: visible;
  color: #23262D;
  font-family: 'VTB Group UI',sans-serif;
  font-style: normal;
  font-weight: 550;
  font-size: 16px;
  line-height: 24px;
  font-feature-settings: 'tnum' on,'lnum' on;
}

.c4:hover {
  background: #0000000D;
}

.c4:focus:before {
  position: absolute;
  content: '';
  border: 2px solid #0062FF;
  top: -1px;
  left: 0;
  bottom: -1px;
  right: 0;
}

.c4:focus,
.c4 > .c5 {
  outline: none;
}

[data-dimension='m'] .c3 {
  min-height: 38px;
  font-family: 'VTB Group UI',sans-serif;
  font-style: normal;
  font-weight: 550;
  font-size: 14px;
  line-height: 20px;
  font-feature-settings: 'tnum' on,'lnum' on;
}

.c2 {
  border-bottom: 1px solid #D5D8DE;
}

.c2 > .c3 .c8 {
  -webkit-transform: rotate(0deg);
  -ms-transform: rotate(0deg);
  transform: rotate(0deg);
}

.c12 {
  color: #23262D;
  overflow-y: auto;
  max-height: 100vh;
  padding: 4px 16px 16px 16px;
  font-family: 'VTB Group UI',sans-serif;
  font-style: normal;
  font-weight: 400;
  font-size: 16px;
  line-height: 24px;
  font-feature-settings: 'tnum' on,'lnum' on;
}

[data-dimension='m'] .c11 {
  padding: 4px 16px 10px 16px;
  font-family: 'VTB Group UI',sans-serif;
  font-style: normal;
  font-weight: 400;
  font-size: 14px;
  line-height: 20px;
  font-feature-settings: 'tnum' on,'lnum' on;
}

.c0 {
  position: relative;
}

.c0 > .c1:first-child {
  border-top: 1px solid #D5D8DE;
}

.c0 > .c1:first-child .c5 {
  padding: 9px 16px;
}

.c0 > .c1:last-child {
  border-bottom: 1px solid #D5D8DE;
}

.c10 {
  overflow: hidden;
  -webkit-transition: max-height 250ms cubic-bezier(0.4,0,0.2,1),visibility 250ms cubic-bezier(0.4,0,0.2,1);
  transition: max-height 250ms cubic-bezier(0.4,0,0.2,1),visibility 250ms cubic-bezier(0.4,0,0.2,1);
  max-height: 0;
  visibility: hidden;
}

<div>
    <div
      class="c0"
      data-dimension="m"
      data-icon="right"
    >
      <div
        class="c1 c2"
      >
        <button
          aria-controls="accordion_content_AccordionItem_1"
          class="c3 c4"
          id="accordion_title_AccordionItem_1"
          role="button"
          type="button"
        >
          <span
            class="c5 c6"
            tabindex="-1"
          >
            <span
              class="c7"
            >
              Первый пункт
            </span>
            <div
              aria-hidden="true"
              class="c8 c9"
            />
          </span>
        </button>
        <div
          class="c10"
        >
          <div
            aria-labelledby="accordion_title_AccordionItem_1"
            class="c11 c12"
            id="accordion_content_AccordionItem_1"
            role="region"
          >
            Контент первого пункта
          </div>
        </div>
      </div>
      <div
        class="c1 c2"
      >
        <button
          aria-controls="accordion_content_AccordionItem_2"
          class="c3 c4"
          id="accordion_title_AccordionItem_2"
          role="button"
          type="button"
        >
          <span
            class="c5 c6"
            tabindex="-1"
          >
            <span
              class="c7"
            >
              Второй пункт
            </span>
            <div
              aria-hidden="true"
              class="c8 c9"
            />
          </span>
        </button>
        <div
          class="c10"
        >
          <div
            aria-labelledby="accordion_title_AccordionItem_2"
            class="c11 c12"
            id="accordion_content_AccordionItem_2"
            role="region"
          >
            Аккордеон — это вертикальный список заголовков, которые, при нажатии, показывают контент находящийся под ними.
          </div>
        </div>
      </div>
      <div
        class="c1 c2"
      >
        <button
          aria-controls="accordion_content_AccordionItem_3"
          class="c3 c4"
          id="accordion_title_AccordionItem_3"
          role="button"
          type="button"
        >
          <span
            class="c5 c6"
            tabindex="-1"
          >
            <span
              class="c7"
            >
              Третий пункт
            </span>
            <div
              aria-hidden="true"
              class="c8 c9"
            />
          </span>
        </button>
        <div
          class="c10"
        >
          <div
            aria-labelledby="accordion_title_AccordionItem_3"
            class="c11 c12"
            id="accordion_content_AccordionItem_3"
            role="region"
          >
            Будущее игр никогда не было таким вдохновляющим. Творчество в играх процветает. Новые сервисы позволяют находить больше игр, а также приближают игроков к любимым играм, стримерам и создателям. Облако создает огромную возможность для потоковой передачи игр консольного уровня, что позволит людям играть с теми игроками, с кем хочется и где захочется. И для многих из нас нет ничего более вдохновляющего, чем рассвет нового поколения консолей.
          </div>
        </div>
      </div>
    </div>
  </div>,
  "debug": [Function],
  "findAllByAltText": [Function],
  "findAllByDisplayValue": [Function],
  "findAllByLabelText": [Function],
  "findAllByPlaceholderText": [Function],
  "findAllByRole": [Function],
  "findAllByTestId": [Function],
  "findAllByText": [Function],
  "findAllByTitle": [Function],
  "findByAltText": [Function],
  "findByDisplayValue": [Function],
  "findByLabelText": [Function],
  "findByPlaceholderText": [Function],
  "findByRole": [Function],
  "findByTestId": [Function],
  "findByText": [Function],
  "findByTitle": [Function],
  "getAllByAltText": [Function],
  "getAllByDisplayValue": [Function],
  "getAllByLabelText": [Function],
  "getAllByPlaceholderText": [Function],
  "getAllByRole": [Function],
  "getAllByTestId": [Function],
  "getAllByText": [Function],
  "getAllByTitle": [Function],
  "getByAltText": [Function],
  "getByDisplayValue": [Function],
  "getByLabelText": [Function],
  "getByPlaceholderText": [Function],
  "getByRole": [Function],
  "getByTestId": [Function],
  "getByText": [Function],
  "getByTitle": [Function],
  "queryAllByAltText": [Function],
  "queryAllByDisplayValue": [Function],
  "queryAllByLabelText": [Function],
  "queryAllByPlaceholderText": [Function],
  "queryAllByRole": [Function],
  "queryAllByTestId": [Function],
  "queryAllByText": [Function],
  "queryAllByTitle": [Function],
  "queryByAltText": [Function],
  "queryByDisplayValue": [Function],
  "queryByLabelText": [Function],
  "queryByPlaceholderText": [Function],
  "queryByRole": [Function],
  "queryByTestId": [Function],
  "queryByText": [Function],
  "queryByTitle": [Function],
  "rerender": [Function],
  "unmount": [Function],
}
`;

exports[`Spinner should render default component 1`] = `
Object {
  "asFragment": [Function],
  "baseElement": .c9 {
  -webkit-transition: all 0.3s;
  transition: all 0.3s;
  -webkit-flex-shrink: 0;
  -ms-flex-negative: 0;
  flex-shrink: 0;
  width: 24px;
  height: 24px;
  margin: 0 0 0 8px;
}

[data-icon='left'] .c8 {
  margin: 0 8px 0 0;
}

.c9 *[fill^='#'] {
  fill: #717681;
}

[data-disabled='true'] .c8 *[fill^='#'] {
  fill: #B0B5BD;
}

[data-dimension='m'] .c8 {
  width: 20px;
  height: 20px;
}

.c6 {
  position: relative;
  width: 100%;
  height: 100%;
  display: -webkit-box;
  display: -webkit-flex;
  display: -ms-flexbox;
  display: flex;
  -webkit-align-items: flex-start;
  -webkit-box-align: flex-start;
  -ms-flex-align: flex-start;
  align-items: flex-start;
  padding: 16px 16px 15px 16px;
}

[data-dimension='m'] .c6.c6 {
  padding: 10px 16px 9px 16px;
}

[data-icon='left'] .c5 {
  -webkit-flex-direction: row-reverse;
  -ms-flex-direction: row-reverse;
  flex-direction: row-reverse;
}

.c7 {
  display: -webkit-inline-box;
  display: -webkit-inline-flex;
  display: -ms-inline-flexbox;
  display: inline-flex;
  -webkit-flex: 1 1 auto;
  -ms-flex: 1 1 auto;
  flex: 1 1 auto;
}

.c4 {
  position: relative;
  display: -webkit-box;
  display: -webkit-flex;
  display: -ms-flexbox;
  display: flex;
  -webkit-box-pack: justify;
  -webkit-justify-content: space-between;
  -ms-flex-pack: justify;
  justify-content: space-between;
  -webkit-align-items: center;
  -webkit-box-align: center;
  -ms-flex-align: center;
  align-items: center;
  min-height: 54px;
  width: 100%;
  background: transparent;
  -webkit-tap-highlight-color: transparent;
  text-align: left;
  border: none;
  background: none;
  margin: 0;
  padding: 0;
  cursor: pointer;
  overflow: visible;
  color: #23262D;
  font-family: 'VTB Group UI',sans-serif;
  font-style: normal;
  font-weight: 550;
  font-size: 16px;
  line-height: 24px;
  font-feature-settings: 'tnum' on,'lnum' on;
}

.c4:hover {
  background: #0000000D;
}

.c4:focus:before {
  position: absolute;
  content: '';
  border: 2px solid #0062FF;
  top: -1px;
  left: 0;
  bottom: -1px;
  right: 0;
}

.c4:focus,
.c4 > .c5 {
  outline: none;
}

[data-dimension='m'] .c3 {
  min-height: 38px;
  font-family: 'VTB Group UI',sans-serif;
  font-style: normal;
  font-weight: 550;
  font-size: 14px;
  line-height: 20px;
  font-feature-settings: 'tnum' on,'lnum' on;
}

.c2 {
  border-bottom: 1px solid #D5D8DE;
}

.c2 > .c3 .c8 {
  -webkit-transform: rotate(0deg);
  -ms-transform: rotate(0deg);
  transform: rotate(0deg);
}

.c12 {
  color: #23262D;
  overflow-y: auto;
  max-height: 100vh;
  padding: 4px 16px 16px 16px;
  font-family: 'VTB Group UI',sans-serif;
  font-style: normal;
  font-weight: 400;
  font-size: 16px;
  line-height: 24px;
  font-feature-settings: 'tnum' on,'lnum' on;
}

[data-dimension='m'] .c11 {
  padding: 4px 16px 10px 16px;
  font-family: 'VTB Group UI',sans-serif;
  font-style: normal;
  font-weight: 400;
  font-size: 14px;
  line-height: 20px;
  font-feature-settings: 'tnum' on,'lnum' on;
}

.c0 {
  position: relative;
}

.c0 > .c1:first-child {
  border-top: 1px solid #D5D8DE;
}

.c0 > .c1:first-child .c5 {
  padding: 15px 16px;
}

.c0 > .c1:last-child {
  border-bottom: 1px solid #D5D8DE;
}

.c10 {
  overflow: hidden;
  -webkit-transition: max-height 250ms cubic-bezier(0.4,0,0.2,1),visibility 250ms cubic-bezier(0.4,0,0.2,1);
  transition: max-height 250ms cubic-bezier(0.4,0,0.2,1),visibility 250ms cubic-bezier(0.4,0,0.2,1);
  max-height: 0;
  visibility: hidden;
}

<body>
    <div>
      <div
        class="c0"
        data-dimension="l"
        data-icon="right"
      >
        <div
          class="c1 c2"
        >
          <button
            aria-controls="accordion_content_AccordionItem_1"
            class="c3 c4"
            id="accordion_title_AccordionItem_1"
            role="button"
            type="button"
          >
            <span
              class="c5 c6"
              tabindex="-1"
            >
              <span
                class="c7"
              >
                Первый пункт
              </span>
              <div
                aria-hidden="true"
                class="c8 c9"
              />
            </span>
          </button>
          <div
            class="c10"
          >
            <div
              aria-labelledby="accordion_title_AccordionItem_1"
              class="c11 c12"
              id="accordion_content_AccordionItem_1"
              role="region"
            >
              Контент первого пункта
            </div>
          </div>
        </div>
        <div
          class="c1 c2"
        >
          <button
            aria-controls="accordion_content_AccordionItem_2"
            class="c3 c4"
            id="accordion_title_AccordionItem_2"
            role="button"
            type="button"
          >
            <span
              class="c5 c6"
              tabindex="-1"
            >
              <span
                class="c7"
              >
                Второй пункт
              </span>
              <div
                aria-hidden="true"
                class="c8 c9"
              />
            </span>
          </button>
          <div
            class="c10"
          >
            <div
              aria-labelledby="accordion_title_AccordionItem_2"
              class="c11 c12"
              id="accordion_content_AccordionItem_2"
              role="region"
            >
              Аккордеон — это вертикальный список заголовков, которые, при нажатии, показывают контент находящийся под ними.
            </div>
          </div>
        </div>
        <div
          class="c1 c2"
        >
          <button
            aria-controls="accordion_content_AccordionItem_3"
            class="c3 c4"
            id="accordion_title_AccordionItem_3"
            role="button"
            type="button"
          >
            <span
              class="c5 c6"
              tabindex="-1"
            >
              <span
                class="c7"
              >
                Третий пункт
              </span>
              <div
                aria-hidden="true"
                class="c8 c9"
              />
            </span>
          </button>
          <div
            class="c10"
          >
            <div
              aria-labelledby="accordion_title_AccordionItem_3"
              class="c11 c12"
              id="accordion_content_AccordionItem_3"
              role="region"
            >
              Будущее игр никогда не было таким вдохновляющим. Творчество в играх процветает. Новые сервисы позволяют находить больше игр, а также приближают игроков к любимым играм, стримерам и создателям. Облако создает огромную возможность для потоковой передачи игр консольного уровня, что позволит людям играть с теми игроками, с кем хочется и где захочется. И для многих из нас нет ничего более вдохновляющего, чем рассвет нового поколения консолей.
            </div>
          </div>
        </div>
      </div>
    </div>
  </body>,
  "container": .c9 {
  -webkit-transition: all 0.3s;
  transition: all 0.3s;
  -webkit-flex-shrink: 0;
  -ms-flex-negative: 0;
  flex-shrink: 0;
  width: 24px;
  height: 24px;
  margin: 0 0 0 8px;
}

[data-icon='left'] .c8 {
  margin: 0 8px 0 0;
}

.c9 *[fill^='#'] {
  fill: #717681;
}

[data-disabled='true'] .c8 *[fill^='#'] {
  fill: #B0B5BD;
}

[data-dimension='m'] .c8 {
  width: 20px;
  height: 20px;
}

.c6 {
  position: relative;
  width: 100%;
  height: 100%;
  display: -webkit-box;
  display: -webkit-flex;
  display: -ms-flexbox;
  display: flex;
  -webkit-align-items: flex-start;
  -webkit-box-align: flex-start;
  -ms-flex-align: flex-start;
  align-items: flex-start;
  padding: 16px 16px 15px 16px;
}

[data-dimension='m'] .c6.c6 {
  padding: 10px 16px 9px 16px;
}

[data-icon='left'] .c5 {
  -webkit-flex-direction: row-reverse;
  -ms-flex-direction: row-reverse;
  flex-direction: row-reverse;
}

.c7 {
  display: -webkit-inline-box;
  display: -webkit-inline-flex;
  display: -ms-inline-flexbox;
  display: inline-flex;
  -webkit-flex: 1 1 auto;
  -ms-flex: 1 1 auto;
  flex: 1 1 auto;
}

.c4 {
  position: relative;
  display: -webkit-box;
  display: -webkit-flex;
  display: -ms-flexbox;
  display: flex;
  -webkit-box-pack: justify;
  -webkit-justify-content: space-between;
  -ms-flex-pack: justify;
  justify-content: space-between;
  -webkit-align-items: center;
  -webkit-box-align: center;
  -ms-flex-align: center;
  align-items: center;
  min-height: 54px;
  width: 100%;
  background: transparent;
  -webkit-tap-highlight-color: transparent;
  text-align: left;
  border: none;
  background: none;
  margin: 0;
  padding: 0;
  cursor: pointer;
  overflow: visible;
  color: #23262D;
  font-family: 'VTB Group UI',sans-serif;
  font-style: normal;
  font-weight: 550;
  font-size: 16px;
  line-height: 24px;
  font-feature-settings: 'tnum' on,'lnum' on;
}

.c4:hover {
  background: #0000000D;
}

.c4:focus:before {
  position: absolute;
  content: '';
  border: 2px solid #0062FF;
  top: -1px;
  left: 0;
  bottom: -1px;
  right: 0;
}

.c4:focus,
.c4 > .c5 {
  outline: none;
}

[data-dimension='m'] .c3 {
  min-height: 38px;
  font-family: 'VTB Group UI',sans-serif;
  font-style: normal;
  font-weight: 550;
  font-size: 14px;
  line-height: 20px;
  font-feature-settings: 'tnum' on,'lnum' on;
}

.c2 {
  border-bottom: 1px solid #D5D8DE;
}

.c2 > .c3 .c8 {
  -webkit-transform: rotate(0deg);
  -ms-transform: rotate(0deg);
  transform: rotate(0deg);
}

.c12 {
  color: #23262D;
  overflow-y: auto;
  max-height: 100vh;
  padding: 4px 16px 16px 16px;
  font-family: 'VTB Group UI',sans-serif;
  font-style: normal;
  font-weight: 400;
  font-size: 16px;
  line-height: 24px;
  font-feature-settings: 'tnum' on,'lnum' on;
}

[data-dimension='m'] .c11 {
  padding: 4px 16px 10px 16px;
  font-family: 'VTB Group UI',sans-serif;
  font-style: normal;
  font-weight: 400;
  font-size: 14px;
  line-height: 20px;
  font-feature-settings: 'tnum' on,'lnum' on;
}

.c0 {
  position: relative;
}

.c0 > .c1:first-child {
  border-top: 1px solid #D5D8DE;
}

.c0 > .c1:first-child .c5 {
  padding: 15px 16px;
}

.c0 > .c1:last-child {
  border-bottom: 1px solid #D5D8DE;
}

.c10 {
  overflow: hidden;
  -webkit-transition: max-height 250ms cubic-bezier(0.4,0,0.2,1),visibility 250ms cubic-bezier(0.4,0,0.2,1);
  transition: max-height 250ms cubic-bezier(0.4,0,0.2,1),visibility 250ms cubic-bezier(0.4,0,0.2,1);
  max-height: 0;
  visibility: hidden;
}

<div>
    <div
      class="c0"
      data-dimension="l"
      data-icon="right"
    >
      <div
        class="c1 c2"
      >
        <button
          aria-controls="accordion_content_AccordionItem_1"
          class="c3 c4"
          id="accordion_title_AccordionItem_1"
          role="button"
          type="button"
        >
          <span
            class="c5 c6"
            tabindex="-1"
          >
            <span
              class="c7"
            >
              Первый пункт
            </span>
            <div
              aria-hidden="true"
              class="c8 c9"
            />
          </span>
        </button>
        <div
          class="c10"
        >
          <div
            aria-labelledby="accordion_title_AccordionItem_1"
            class="c11 c12"
            id="accordion_content_AccordionItem_1"
            role="region"
          >
            Контент первого пункта
          </div>
        </div>
      </div>
      <div
        class="c1 c2"
      >
        <button
          aria-controls="accordion_content_AccordionItem_2"
          class="c3 c4"
          id="accordion_title_AccordionItem_2"
          role="button"
          type="button"
        >
          <span
            class="c5 c6"
            tabindex="-1"
          >
            <span
              class="c7"
            >
              Второй пункт
            </span>
            <div
              aria-hidden="true"
              class="c8 c9"
            />
          </span>
        </button>
        <div
          class="c10"
        >
          <div
            aria-labelledby="accordion_title_AccordionItem_2"
            class="c11 c12"
            id="accordion_content_AccordionItem_2"
            role="region"
          >
            Аккордеон — это вертикальный список заголовков, которые, при нажатии, показывают контент находящийся под ними.
          </div>
        </div>
      </div>
      <div
        class="c1 c2"
      >
        <button
          aria-controls="accordion_content_AccordionItem_3"
          class="c3 c4"
          id="accordion_title_AccordionItem_3"
          role="button"
          type="button"
        >
          <span
            class="c5 c6"
            tabindex="-1"
          >
            <span
              class="c7"
            >
              Третий пункт
            </span>
            <div
              aria-hidden="true"
              class="c8 c9"
            />
          </span>
        </button>
        <div
          class="c10"
        >
          <div
            aria-labelledby="accordion_title_AccordionItem_3"
            class="c11 c12"
            id="accordion_content_AccordionItem_3"
            role="region"
          >
            Будущее игр никогда не было таким вдохновляющим. Творчество в играх процветает. Новые сервисы позволяют находить больше игр, а также приближают игроков к любимым играм, стримерам и создателям. Облако создает огромную возможность для потоковой передачи игр консольного уровня, что позволит людям играть с теми игроками, с кем хочется и где захочется. И для многих из нас нет ничего более вдохновляющего, чем рассвет нового поколения консолей.
          </div>
        </div>
      </div>
    </div>
  </div>,
  "debug": [Function],
  "findAllByAltText": [Function],
  "findAllByDisplayValue": [Function],
  "findAllByLabelText": [Function],
  "findAllByPlaceholderText": [Function],
  "findAllByRole": [Function],
  "findAllByTestId": [Function],
  "findAllByText": [Function],
  "findAllByTitle": [Function],
  "findByAltText": [Function],
  "findByDisplayValue": [Function],
  "findByLabelText": [Function],
  "findByPlaceholderText": [Function],
  "findByRole": [Function],
  "findByTestId": [Function],
  "findByText": [Function],
  "findByTitle": [Function],
  "getAllByAltText": [Function],
  "getAllByDisplayValue": [Function],
  "getAllByLabelText": [Function],
  "getAllByPlaceholderText": [Function],
  "getAllByRole": [Function],
  "getAllByTestId": [Function],
  "getAllByText": [Function],
  "getAllByTitle": [Function],
  "getByAltText": [Function],
  "getByDisplayValue": [Function],
  "getByLabelText": [Function],
  "getByPlaceholderText": [Function],
  "getByRole": [Function],
  "getByTestId": [Function],
  "getByText": [Function],
  "getByTitle": [Function],
  "queryAllByAltText": [Function],
  "queryAllByDisplayValue": [Function],
  "queryAllByLabelText": [Function],
  "queryAllByPlaceholderText": [Function],
  "queryAllByRole": [Function],
  "queryAllByTestId": [Function],
  "queryAllByText": [Function],
  "queryAllByTitle": [Function],
  "queryByAltText": [Function],
  "queryByDisplayValue": [Function],
  "queryByLabelText": [Function],
  "queryByPlaceholderText": [Function],
  "queryByRole": [Function],
  "queryByTestId": [Function],
  "queryByText": [Function],
  "queryByTitle": [Function],
  "rerender": [Function],
  "unmount": [Function],
}
`;
