// Jest Snapshot v1, https://goo.gl/fbAQLP

exports[`NotificationItem should render error components with all properties 1`] = `
{
  "asFragment": [Function],
  "baseElement": .c5 {
  position: relative;
  box-sizing: border-box;
  display: inline-flex;
  flex-direction: row;
  gap: 8px;
  align-items: center;
  vertical-align: middle;
  appearance: none;
  border: none;
  background: transparent;
  padding: 0;
  white-space: nowrap;
  border-radius: var(--admiral-border-radius-Medium, 4px);
}

.c5[data-appearance='primary'] {
  color: var(--admiral-color-Primary_Primary60Main, #0062FF);
}

.c5[data-appearance='secondary'] {
  color: var(--admiral-color-Neutral_Neutral90, #252629);
}

.c5:focus-visible {
  outline-offset: 2px;
  outline: var(--admiral-color-Primary_Primary60Main, #0062FF) solid 2px;
}

.c5:hover {
  cursor: pointer;
  color: var(--admiral-color-Primary_Primary70, #0046E2);
}

.c5:active {
  color: var(--admiral-color-Primary_Primary80, #0132B0);
}

.c5:disabled {
  cursor: not-allowed;
  color: var(--admiral-color-Neutral_Neutral30, #B2B5B8);
}

.c5[data-dimension='m'] {
  font-family: var(--admiral-font-family, 'VTB Group UI', sans-serif);
  font-style: normal;
  font-weight: var(--admiral-font-weight-Button_Button1, 500);
  font-size: var(--admiral-font-size-Button_Button1, 16px);
  line-height: var(--admiral-line-height-Button_Button1, 24px);
  font-feature-settings: 'tnum' on,'lnum' on;
  text-rendering: geometricPrecision;
}

.c5[data-dimension='s'] {
  font-family: var(--admiral-font-family, 'VTB Group UI', sans-serif);
  font-style: normal;
  font-weight: var(--admiral-font-weight-Button_Button2, 500);
  font-size: var(--admiral-font-size-Button_Button2, 14px);
  line-height: var(--admiral-line-height-Button_Button2, 20px);
  font-feature-settings: 'tnum' on,'lnum' on;
  text-rendering: geometricPrecision;
}

.c10 {
  position: absolute;
  top: 0;
  left: 0;
  height: 100%;
}

.c10>svg {
  height: 20px;
  width: 20px;
}

.c9 {
  width: 28px;
  height: 28px;
  border-radius: 50%;
  background-color: transparent;
  pointer-events: none;
  position: absolute;
  left: 50%;
  top: 50%;
  transform: translate(-50%, -50%);
}

.c6 {
  position: relative;
  padding: 0;
  margin: 4px;
  box-sizing: border-box;
  border: none;
  background-color: transparent;
  appearance: none;
  flex: 0 0 auto;
  height: 20px;
  width: 20px;
  border-radius: var(--admiral-border-radius-Small, 4px);
  overflow: visible;
  cursor: pointer;
}

.c6 >* {
  pointer-events: none;
}

.c6:disabled {
  cursor: not-allowed;
}

.c6:disabled *[fill^='#'] {
  fill: var(--admiral-color-Neutral_Neutral30, #B2B5B8);
}

.c6:not(:disabled):focus-visible {
  outline-offset: 2px;
  outline: var(--admiral-color-Primary_Primary60Main, #0062FF) solid 2px;
}

.c6:not(:disabled):focus >.c8 {
  background-color: transparent;
}

.c6:not(:disabled):hover >.c8 {
  background-color: var(--admiral-color-Opacity_Hover, #0000000D);
}

.c6:not(:disabled):active >.c8 {
  background-color: var(--admiral-color-Opacity_Press, #0000001F);
}

.c6:not(:disabled):focus-visible >.c8 {
  background-color: transparent;
}

.c0 {
  overflow: hidden;
  position: relative;
  box-sizing: border-box;
  border-radius: var(--admiral-border-radius-Medium, 4px);
  padding: 13px 47px 13px 51px;
  border-width: 1px;
  border-style: solid;
  border-color: var(--admiral-color-Primary_Primary60Main, #0062FF);
  background-color: var(--admiral-color-Primary_Primary10, #EDF5FF);
}

.c2 {
  font-family: var(--admiral-font-family, 'VTB Group UI', sans-serif);
  font-style: normal;
  font-weight: var(--admiral-font-weight-Subtitle_Subtitle3, 550);
  font-size: var(--admiral-font-size-Subtitle_Subtitle3, 14px);
  line-height: var(--admiral-line-height-Subtitle_Subtitle3, 20px);
  font-feature-settings: 'tnum' on,'lnum' on;
  text-rendering: geometricPrecision;
  color: var(--admiral-color-Neutral_Neutral90, #252629);
  margin-bottom: 4px;
}

.c3 {
  font-family: var(--admiral-font-family, 'VTB Group UI', sans-serif);
  font-style: normal;
  font-weight: var(--admiral-font-weight-Body_Body2Long, 400);
  font-size: var(--admiral-font-size-Body_Body2Long, 14px);
  line-height: var(--admiral-line-height-Body_Body2Long, 20px);
  font-feature-settings: 'tnum' on,'lnum' on;
  text-rendering: geometricPrecision;
  color: var(--admiral-color-Neutral_Neutral90, #252629);
}

.c4 {
  display: flex;
  margin-top: 4px;
  gap: 16px;
}

.c7 {
  position: absolute;
  top: 10px;
  right: 12px;
}

.c1 {
  position: absolute;
  top: 12px;
  left: 16px;
  width: 24px;
  height: 24px;
}

.c1 svg {
  width: 24px;
  height: 24px;
}

.c1 svg *[fill^='#'] {
  fill: var(--admiral-color-Primary_Primary60Main, #0062FF);
}

<body>
    <div>
      <div
        aria-live="polite"
        class="c0"
        role="status"
      >
        <div
          class="c1"
        >
          <div />
        </div>
        <div
          class="c2"
        >
          Title
        </div>
        <div
          class="c3"
        >
          text
        </div>
        <div
          class="c4"
        >
          <button
            class="c5"
            data-appearance="primary"
            data-dimension="s"
            type="button"
          >
            <div
              class=""
            >
              <span>
                Link
              </span>
            </div>
          </button>
        </div>
        <button
          class="c6 close-button c7"
          type="button"
        >
          <div
            aria-hidden="true"
            class="c8 c9"
          />
          <div
            aria-hidden="true"
            class="c10"
          >
            <div
              aria-hidden="true"
            />
          </div>
        </button>
      </div>
    </div>
  </body>,
  "container": .c5 {
  position: relative;
  box-sizing: border-box;
  display: inline-flex;
  flex-direction: row;
  gap: 8px;
  align-items: center;
  vertical-align: middle;
  appearance: none;
  border: none;
  background: transparent;
  padding: 0;
  white-space: nowrap;
  border-radius: var(--admiral-border-radius-Medium, 4px);
}

.c5[data-appearance='primary'] {
  color: var(--admiral-color-Primary_Primary60Main, #0062FF);
}

.c5[data-appearance='secondary'] {
  color: var(--admiral-color-Neutral_Neutral90, #252629);
}

.c5:focus-visible {
  outline-offset: 2px;
  outline: var(--admiral-color-Primary_Primary60Main, #0062FF) solid 2px;
}

.c5:hover {
  cursor: pointer;
  color: var(--admiral-color-Primary_Primary70, #0046E2);
}

.c5:active {
  color: var(--admiral-color-Primary_Primary80, #0132B0);
}

.c5:disabled {
  cursor: not-allowed;
  color: var(--admiral-color-Neutral_Neutral30, #B2B5B8);
}

.c5[data-dimension='m'] {
  font-family: var(--admiral-font-family, 'VTB Group UI', sans-serif);
  font-style: normal;
  font-weight: var(--admiral-font-weight-Button_Button1, 500);
  font-size: var(--admiral-font-size-Button_Button1, 16px);
  line-height: var(--admiral-line-height-Button_Button1, 24px);
  font-feature-settings: 'tnum' on,'lnum' on;
  text-rendering: geometricPrecision;
}

.c5[data-dimension='s'] {
  font-family: var(--admiral-font-family, 'VTB Group UI', sans-serif);
  font-style: normal;
  font-weight: var(--admiral-font-weight-Button_Button2, 500);
  font-size: var(--admiral-font-size-Button_Button2, 14px);
  line-height: var(--admiral-line-height-Button_Button2, 20px);
  font-feature-settings: 'tnum' on,'lnum' on;
  text-rendering: geometricPrecision;
}

.c10 {
  position: absolute;
  top: 0;
  left: 0;
  height: 100%;
}

.c10>svg {
  height: 20px;
  width: 20px;
}

.c9 {
  width: 28px;
  height: 28px;
  border-radius: 50%;
  background-color: transparent;
  pointer-events: none;
  position: absolute;
  left: 50%;
  top: 50%;
  transform: translate(-50%, -50%);
}

.c6 {
  position: relative;
  padding: 0;
  margin: 4px;
  box-sizing: border-box;
  border: none;
  background-color: transparent;
  appearance: none;
  flex: 0 0 auto;
  height: 20px;
  width: 20px;
  border-radius: var(--admiral-border-radius-Small, 4px);
  overflow: visible;
  cursor: pointer;
}

.c6 >* {
  pointer-events: none;
}

.c6:disabled {
  cursor: not-allowed;
}

.c6:disabled *[fill^='#'] {
  fill: var(--admiral-color-Neutral_Neutral30, #B2B5B8);
}

.c6:not(:disabled):focus-visible {
  outline-offset: 2px;
  outline: var(--admiral-color-Primary_Primary60Main, #0062FF) solid 2px;
}

.c6:not(:disabled):focus >.c8 {
  background-color: transparent;
}

.c6:not(:disabled):hover >.c8 {
  background-color: var(--admiral-color-Opacity_Hover, #0000000D);
}

.c6:not(:disabled):active >.c8 {
  background-color: var(--admiral-color-Opacity_Press, #0000001F);
}

.c6:not(:disabled):focus-visible >.c8 {
  background-color: transparent;
}

.c0 {
  overflow: hidden;
  position: relative;
  box-sizing: border-box;
  border-radius: var(--admiral-border-radius-Medium, 4px);
  padding: 13px 47px 13px 51px;
  border-width: 1px;
  border-style: solid;
  border-color: var(--admiral-color-Primary_Primary60Main, #0062FF);
  background-color: var(--admiral-color-Primary_Primary10, #EDF5FF);
}

.c2 {
  font-family: var(--admiral-font-family, 'VTB Group UI', sans-serif);
  font-style: normal;
  font-weight: var(--admiral-font-weight-Subtitle_Subtitle3, 550);
  font-size: var(--admiral-font-size-Subtitle_Subtitle3, 14px);
  line-height: var(--admiral-line-height-Subtitle_Subtitle3, 20px);
  font-feature-settings: 'tnum' on,'lnum' on;
  text-rendering: geometricPrecision;
  color: var(--admiral-color-Neutral_Neutral90, #252629);
  margin-bottom: 4px;
}

.c3 {
  font-family: var(--admiral-font-family, 'VTB Group UI', sans-serif);
  font-style: normal;
  font-weight: var(--admiral-font-weight-Body_Body2Long, 400);
  font-size: var(--admiral-font-size-Body_Body2Long, 14px);
  line-height: var(--admiral-line-height-Body_Body2Long, 20px);
  font-feature-settings: 'tnum' on,'lnum' on;
  text-rendering: geometricPrecision;
  color: var(--admiral-color-Neutral_Neutral90, #252629);
}

.c4 {
  display: flex;
  margin-top: 4px;
  gap: 16px;
}

.c7 {
  position: absolute;
  top: 10px;
  right: 12px;
}

.c1 {
  position: absolute;
  top: 12px;
  left: 16px;
  width: 24px;
  height: 24px;
}

.c1 svg {
  width: 24px;
  height: 24px;
}

.c1 svg *[fill^='#'] {
  fill: var(--admiral-color-Primary_Primary60Main, #0062FF);
}

<div>
    <div
      aria-live="polite"
      class="c0"
      role="status"
    >
      <div
        class="c1"
      >
        <div />
      </div>
      <div
        class="c2"
      >
        Title
      </div>
      <div
        class="c3"
      >
        text
      </div>
      <div
        class="c4"
      >
        <button
          class="c5"
          data-appearance="primary"
          data-dimension="s"
          type="button"
        >
          <div
            class=""
          >
            <span>
              Link
            </span>
          </div>
        </button>
      </div>
      <button
        class="c6 close-button c7"
        type="button"
      >
        <div
          aria-hidden="true"
          class="c8 c9"
        />
        <div
          aria-hidden="true"
          class="c10"
        >
          <div
            aria-hidden="true"
          />
        </div>
      </button>
    </div>
  </div>,
  "debug": [Function],
  "findAllByAltText": [Function],
  "findAllByDisplayValue": [Function],
  "findAllByLabelText": [Function],
  "findAllByPlaceholderText": [Function],
  "findAllByRole": [Function],
  "findAllByTestId": [Function],
  "findAllByText": [Function],
  "findAllByTitle": [Function],
  "findByAltText": [Function],
  "findByDisplayValue": [Function],
  "findByLabelText": [Function],
  "findByPlaceholderText": [Function],
  "findByRole": [Function],
  "findByTestId": [Function],
  "findByText": [Function],
  "findByTitle": [Function],
  "getAllByAltText": [Function],
  "getAllByDisplayValue": [Function],
  "getAllByLabelText": [Function],
  "getAllByPlaceholderText": [Function],
  "getAllByRole": [Function],
  "getAllByTestId": [Function],
  "getAllByText": [Function],
  "getAllByTitle": [Function],
  "getByAltText": [Function],
  "getByDisplayValue": [Function],
  "getByLabelText": [Function],
  "getByPlaceholderText": [Function],
  "getByRole": [Function],
  "getByTestId": [Function],
  "getByText": [Function],
  "getByTitle": [Function],
  "queryAllByAltText": [Function],
  "queryAllByDisplayValue": [Function],
  "queryAllByLabelText": [Function],
  "queryAllByPlaceholderText": [Function],
  "queryAllByRole": [Function],
  "queryAllByTestId": [Function],
  "queryAllByText": [Function],
  "queryAllByTitle": [Function],
  "queryByAltText": [Function],
  "queryByDisplayValue": [Function],
  "queryByLabelText": [Function],
  "queryByPlaceholderText": [Function],
  "queryByRole": [Function],
  "queryByTestId": [Function],
  "queryByText": [Function],
  "queryByTitle": [Function],
  "rerender": [Function],
  "unmount": [Function],
}
`;
