// Jest Snapshot v1, https://goo.gl/fbAQLP

exports[`Notification should render error components with all properties 1`] = `
Object {
  "asFragment": [Function],
  "baseElement": .c5 {
  cursor: pointer;
  display: -webkit-box;
  display: -webkit-flex;
  display: -ms-flexbox;
  display: flex;
  pointer-events: auto;
  -webkit-align-items: center;
  -webkit-box-align: center;
  -ms-flex-align: center;
  align-items: center;
  width: -webkit-fit-content;
  width: -moz-fit-content;
  width: fit-content;
  -webkit-text-decoration: none;
  text-decoration: none;
  position: relative;
  color: #0D69F2;
  font-size: 16px;
  font-weight: normal;
  line-height: 24px;
  font-family: 'VTB Group UI',sans-serif;
}

.c5:hover {
  color: #0A54C2;
}

.c5:hover *[fill^='#'] {
  fill: #0A54C2;
}

.c5:focus {
  color: #0A54C2;
  outline-color: #0A54C2;
}

.c5:focus *[fill^='#'] {
  fill: #0A54C2;
}

.c5:active {
  color: #0949AA;
}

.c5:active *[fill^='#'] {
  fill: #0949AA;
}

.c5 *[fill^='#'] {
  fill: #0D69F2;
}

.c0 {
  overflow: hidden;
  position: relative;
  box-sizing: border-box;
  border-radius: 4px;
  padding: 12px 44px 12px 52px;
  border-width: 1px;
  border-style: solid;
  border-color: #0D69F2;
  background-color: #F1F2F4;
}

.c2 {
  display: -webkit-box;
  display: -webkit-flex;
  display: -ms-flexbox;
  display: flex;
  -webkit-flex-direction: column;
  -ms-flex-direction: column;
  flex-direction: column;
  padding: 2px 0px;
}

.c3 {
  font-family: 'VTB Group UI',sans-serif;
  font-style: normal;
  font-weight: 500;
  font-size: 14px;
  line-height: 20px;
  font-feature-settings: 'tnum' on,'lnum' on;
  color: #2B313B;
  color: #2B313B;
  margin-bottom: 4px;
}

.c4 {
  font-family: 'VTB Group UI',sans-serif;
  font-style: normal;
  font-weight: normal;
  font-size: 14px;
  line-height: 20px;
  font-feature-settings: 'tnum' on,'lnum' on;
  color: #2B313B;
  color: #2B313B;
}

.c7 {
  position: absolute;
  top: 14px;
  right: 12px;
  cursor: pointer;
  display: -webkit-box;
  display: -webkit-flex;
  display: -ms-flexbox;
  display: flex;
  -webkit-align-items: center;
  -webkit-box-align: center;
  -ms-flex-align: center;
  align-items: center;
  -webkit-box-pack: center;
  -webkit-justify-content: center;
  -ms-flex-pack: center;
  justify-content: center;
  width: 20px;
  height: 20px;
}

.c7 svg {
  width: 20px;
  height: 20px;
}

.c7 svg *[fill^='#'] {
  fill: #626F84;
}

.c7 svg:hover *[fill^='#'] {
  fill: #0A54C2;
}

.c1 {
  position: absolute;
  top: 11px;
  left: 15px;
  width: 24px;
  height: 24px;
}

.c1 svg {
  width: 24px;
  height: 24px;
}

.c1 svg *[fill^='#'] {
  fill: #0D69F2;
}

.c6 {
  margin-top: 4px;
  font-family: 'VTB Group UI',sans-serif;
  font-style: normal;
  font-weight: 500;
  font-size: 14px;
  line-height: 20px;
  font-feature-settings: 'tnum' on,'lnum' on;
  color: #2B313B;
  color: #0D69F2;
}

<body>
    <div>
      <div
        aria-live="polite"
        class="c0"
        role="status"
      >
        <div
          class="c1"
        >
          <div />
        </div>
        <div
          class="c2"
        >
          <div
            class="c3"
          >
            Title
          </div>
          <div
            class="c4"
          >
            text
          </div>
          <a
            class="c5 c6"
            href="http://localhost"
          >
            Link
          </a>
        </div>
        <div
          class="c7"
          tabindex="0"
        >
          <div />
        </div>
      </div>
    </div>
  </body>,
  "container": .c5 {
  cursor: pointer;
  display: -webkit-box;
  display: -webkit-flex;
  display: -ms-flexbox;
  display: flex;
  pointer-events: auto;
  -webkit-align-items: center;
  -webkit-box-align: center;
  -ms-flex-align: center;
  align-items: center;
  width: -webkit-fit-content;
  width: -moz-fit-content;
  width: fit-content;
  -webkit-text-decoration: none;
  text-decoration: none;
  position: relative;
  color: #0D69F2;
  font-size: 16px;
  font-weight: normal;
  line-height: 24px;
  font-family: 'VTB Group UI',sans-serif;
}

.c5:hover {
  color: #0A54C2;
}

.c5:hover *[fill^='#'] {
  fill: #0A54C2;
}

.c5:focus {
  color: #0A54C2;
  outline-color: #0A54C2;
}

.c5:focus *[fill^='#'] {
  fill: #0A54C2;
}

.c5:active {
  color: #0949AA;
}

.c5:active *[fill^='#'] {
  fill: #0949AA;
}

.c5 *[fill^='#'] {
  fill: #0D69F2;
}

.c0 {
  overflow: hidden;
  position: relative;
  box-sizing: border-box;
  border-radius: 4px;
  padding: 12px 44px 12px 52px;
  border-width: 1px;
  border-style: solid;
  border-color: #0D69F2;
  background-color: #F1F2F4;
}

.c2 {
  display: -webkit-box;
  display: -webkit-flex;
  display: -ms-flexbox;
  display: flex;
  -webkit-flex-direction: column;
  -ms-flex-direction: column;
  flex-direction: column;
  padding: 2px 0px;
}

.c3 {
  font-family: 'VTB Group UI',sans-serif;
  font-style: normal;
  font-weight: 500;
  font-size: 14px;
  line-height: 20px;
  font-feature-settings: 'tnum' on,'lnum' on;
  color: #2B313B;
  color: #2B313B;
  margin-bottom: 4px;
}

.c4 {
  font-family: 'VTB Group UI',sans-serif;
  font-style: normal;
  font-weight: normal;
  font-size: 14px;
  line-height: 20px;
  font-feature-settings: 'tnum' on,'lnum' on;
  color: #2B313B;
  color: #2B313B;
}

.c7 {
  position: absolute;
  top: 14px;
  right: 12px;
  cursor: pointer;
  display: -webkit-box;
  display: -webkit-flex;
  display: -ms-flexbox;
  display: flex;
  -webkit-align-items: center;
  -webkit-box-align: center;
  -ms-flex-align: center;
  align-items: center;
  -webkit-box-pack: center;
  -webkit-justify-content: center;
  -ms-flex-pack: center;
  justify-content: center;
  width: 20px;
  height: 20px;
}

.c7 svg {
  width: 20px;
  height: 20px;
}

.c7 svg *[fill^='#'] {
  fill: #626F84;
}

.c7 svg:hover *[fill^='#'] {
  fill: #0A54C2;
}

.c1 {
  position: absolute;
  top: 11px;
  left: 15px;
  width: 24px;
  height: 24px;
}

.c1 svg {
  width: 24px;
  height: 24px;
}

.c1 svg *[fill^='#'] {
  fill: #0D69F2;
}

.c6 {
  margin-top: 4px;
  font-family: 'VTB Group UI',sans-serif;
  font-style: normal;
  font-weight: 500;
  font-size: 14px;
  line-height: 20px;
  font-feature-settings: 'tnum' on,'lnum' on;
  color: #2B313B;
  color: #0D69F2;
}

<div>
    <div
      aria-live="polite"
      class="c0"
      role="status"
    >
      <div
        class="c1"
      >
        <div />
      </div>
      <div
        class="c2"
      >
        <div
          class="c3"
        >
          Title
        </div>
        <div
          class="c4"
        >
          text
        </div>
        <a
          class="c5 c6"
          href="http://localhost"
        >
          Link
        </a>
      </div>
      <div
        class="c7"
        tabindex="0"
      >
        <div />
      </div>
    </div>
  </div>,
  "debug": [Function],
  "findAllByAltText": [Function],
  "findAllByDisplayValue": [Function],
  "findAllByLabelText": [Function],
  "findAllByPlaceholderText": [Function],
  "findAllByRole": [Function],
  "findAllByTestId": [Function],
  "findAllByText": [Function],
  "findAllByTitle": [Function],
  "findByAltText": [Function],
  "findByDisplayValue": [Function],
  "findByLabelText": [Function],
  "findByPlaceholderText": [Function],
  "findByRole": [Function],
  "findByTestId": [Function],
  "findByText": [Function],
  "findByTitle": [Function],
  "getAllByAltText": [Function],
  "getAllByDisplayValue": [Function],
  "getAllByLabelText": [Function],
  "getAllByPlaceholderText": [Function],
  "getAllByRole": [Function],
  "getAllByTestId": [Function],
  "getAllByText": [Function],
  "getAllByTitle": [Function],
  "getByAltText": [Function],
  "getByDisplayValue": [Function],
  "getByLabelText": [Function],
  "getByPlaceholderText": [Function],
  "getByRole": [Function],
  "getByTestId": [Function],
  "getByText": [Function],
  "getByTitle": [Function],
  "queryAllByAltText": [Function],
  "queryAllByDisplayValue": [Function],
  "queryAllByLabelText": [Function],
  "queryAllByPlaceholderText": [Function],
  "queryAllByRole": [Function],
  "queryAllByTestId": [Function],
  "queryAllByText": [Function],
  "queryAllByTitle": [Function],
  "queryByAltText": [Function],
  "queryByDisplayValue": [Function],
  "queryByLabelText": [Function],
  "queryByPlaceholderText": [Function],
  "queryByRole": [Function],
  "queryByTestId": [Function],
  "queryByText": [Function],
  "queryByTitle": [Function],
  "rerender": [Function],
  "unmount": [Function],
}
`;
