// Jest Snapshot v1, https://goo.gl/fbAQLP

exports[`NotificationItem should render error components with all properties 1`] = `
Object {
  "asFragment": [Function],
  "baseElement": .c6 {
  position: relative;
  box-sizing: border-box;
  display: -webkit-inline-box;
  display: -webkit-inline-flex;
  display: -ms-inline-flexbox;
  display: inline-flex;
  -webkit-flex-direction: row;
  -ms-flex-direction: row;
  flex-direction: row;
  -webkit-align-items: center;
  -webkit-box-align: center;
  -ms-flex-align: center;
  align-items: center;
  vertical-align: middle;
  -webkit-appearance: none;
  -moz-appearance: none;
  appearance: none;
  border: none;
  background: transparent;
  padding: 0;
  white-space: nowrap;
  border-radius: 4px;
  pointer-events: all;
}

.c6[data-appearance='primary'] {
  color: #0062FF;
}

.c6[data-appearance='secondary'] {
  color: #23262D;
}

.c6:focus-visible {
  outline-offset: 2px;
  outline: #0062FF solid 2px;
}

.c6:hover {
  cursor: pointer;
  color: #0046E2;
}

.c6:active {
  color: #0132B0;
}

.c6:disabled {
  cursor: not-allowed;
  color: #B0B5BD;
}

.c6[data-dimension='m'] {
  font-family: 'VTB Group UI',sans-serif;
  font-style: normal;
  font-weight: 500;
  font-size: 16px;
  line-height: 24px;
  font-feature-settings: 'tnum' on,'lnum' on;
}

.c6[data-dimension='s'] {
  font-family: 'VTB Group UI',sans-serif;
  font-style: normal;
  font-weight: 500;
  font-size: 14px;
  line-height: 20px;
  font-feature-settings: 'tnum' on,'lnum' on;
}

.c11 {
  position: absolute;
  top: 0;
  left: 0;
  height: 100%;
}

.c11 > svg {
  height: 20px;
  width: 20px;
}

.c10 {
  width: 28px;
  height: 28px;
  border-radius: 50%;
  background-color: transparent;
  pointer-events: none;
  position: absolute;
  left: 50%;
  top: 50%;
  -webkit-transform: translate(-50%,-50%);
  -ms-transform: translate(-50%,-50%);
  transform: translate(-50%,-50%);
}

.c7 {
  position: relative;
  padding: 0;
  margin: 4px;
  box-sizing: border-box;
  border: none;
  background-color: transparent;
  -webkit-appearance: none;
  -moz-appearance: none;
  appearance: none;
  -webkit-flex: 0 0 auto;
  -ms-flex: 0 0 auto;
  flex: 0 0 auto;
  height: 20px;
  width: 20px;
  border-radius: 4px;
  overflow: visible;
  cursor: pointer;
}

.c7 > * {
  pointer-events: none;
}

.c7:disabled {
  cursor: default;
  pointer-events: none;
}

.c7:disabled *[fill^='#'] {
  fill: #B0B5BD;
}

.c7:focus-visible {
  outline-offset: 2px;
  outline: #0062FF solid 2px;
}

.c7:focus > .c9 {
  background-color: transparent;
}

.c7:hover > .c9 {
  background-color: #0000000D;
}

.c7:active > .c9 {
  background-color: #0000001F;
}

.c7:focus-visible > .c9 {
  background-color: transparent;
}

.c0 {
  overflow: hidden;
  position: relative;
  box-sizing: border-box;
  border-radius: 4px;
  padding: 12px 44px 12px 52px;
  border-width: 1px;
  border-style: solid;
  border-color: #0062FF;
  background-color: #EDF5FF;
}

.c2 {
  display: -webkit-box;
  display: -webkit-flex;
  display: -ms-flexbox;
  display: flex;
  -webkit-flex-direction: column;
  -ms-flex-direction: column;
  flex-direction: column;
  padding: 2px 0;
}

.c3 {
  font-family: 'VTB Group UI',sans-serif;
  font-style: normal;
  font-weight: 550;
  font-size: 14px;
  line-height: 20px;
  font-feature-settings: 'tnum' on,'lnum' on;
  color: #23262D;
  margin-bottom: 4px;
}

.c4 {
  font-family: 'VTB Group UI',sans-serif;
  font-style: normal;
  font-weight: 400;
  font-size: 14px;
  line-height: 20px;
  font-feature-settings: 'tnum' on,'lnum' on;
  color: #23262D;
}

.c5 {
  display: -webkit-box;
  display: -webkit-flex;
  display: -ms-flexbox;
  display: flex;
  margin-top: 4px;
  gap: 16px;
}

.c8 {
  position: absolute;
  top: 10px;
  right: 8px;
}

.c1 {
  position: absolute;
  top: 12px;
  left: 16px;
  width: 24px;
  height: 24px;
}

.c1 svg {
  width: 24px;
  height: 24px;
}

.c1 svg *[fill^='#'] {
  fill: #0062FF;
}

<body>
    <div>
      <div
        aria-live="polite"
        class="c0"
        role="status"
      >
        <div
          class="c1"
        >
          <div />
        </div>
        <div
          class="c2"
        >
          <div
            class="c3"
          >
            Title
          </div>
          <div
            class="c4"
          >
            text
          </div>
          <div
            class="c5"
          >
            <button
              class="c6"
              data-appearance="primary"
              data-dimension="s"
              type="button"
            >
              <div
                class=""
              >
                <span>
                  Link
                </span>
              </div>
            </button>
          </div>
        </div>
        <button
          class="c7 close-button c8"
          type="button"
        >
          <div
            aria-hidden="true"
            class="c9 c10"
          />
          <div
            aria-hidden="true"
            class="c11"
          >
            <div
              aria-hidden="true"
            />
          </div>
        </button>
      </div>
    </div>
  </body>,
  "container": .c6 {
  position: relative;
  box-sizing: border-box;
  display: -webkit-inline-box;
  display: -webkit-inline-flex;
  display: -ms-inline-flexbox;
  display: inline-flex;
  -webkit-flex-direction: row;
  -ms-flex-direction: row;
  flex-direction: row;
  -webkit-align-items: center;
  -webkit-box-align: center;
  -ms-flex-align: center;
  align-items: center;
  vertical-align: middle;
  -webkit-appearance: none;
  -moz-appearance: none;
  appearance: none;
  border: none;
  background: transparent;
  padding: 0;
  white-space: nowrap;
  border-radius: 4px;
  pointer-events: all;
}

.c6[data-appearance='primary'] {
  color: #0062FF;
}

.c6[data-appearance='secondary'] {
  color: #23262D;
}

.c6:focus-visible {
  outline-offset: 2px;
  outline: #0062FF solid 2px;
}

.c6:hover {
  cursor: pointer;
  color: #0046E2;
}

.c6:active {
  color: #0132B0;
}

.c6:disabled {
  cursor: not-allowed;
  color: #B0B5BD;
}

.c6[data-dimension='m'] {
  font-family: 'VTB Group UI',sans-serif;
  font-style: normal;
  font-weight: 500;
  font-size: 16px;
  line-height: 24px;
  font-feature-settings: 'tnum' on,'lnum' on;
}

.c6[data-dimension='s'] {
  font-family: 'VTB Group UI',sans-serif;
  font-style: normal;
  font-weight: 500;
  font-size: 14px;
  line-height: 20px;
  font-feature-settings: 'tnum' on,'lnum' on;
}

.c11 {
  position: absolute;
  top: 0;
  left: 0;
  height: 100%;
}

.c11 > svg {
  height: 20px;
  width: 20px;
}

.c10 {
  width: 28px;
  height: 28px;
  border-radius: 50%;
  background-color: transparent;
  pointer-events: none;
  position: absolute;
  left: 50%;
  top: 50%;
  -webkit-transform: translate(-50%,-50%);
  -ms-transform: translate(-50%,-50%);
  transform: translate(-50%,-50%);
}

.c7 {
  position: relative;
  padding: 0;
  margin: 4px;
  box-sizing: border-box;
  border: none;
  background-color: transparent;
  -webkit-appearance: none;
  -moz-appearance: none;
  appearance: none;
  -webkit-flex: 0 0 auto;
  -ms-flex: 0 0 auto;
  flex: 0 0 auto;
  height: 20px;
  width: 20px;
  border-radius: 4px;
  overflow: visible;
  cursor: pointer;
}

.c7 > * {
  pointer-events: none;
}

.c7:disabled {
  cursor: default;
  pointer-events: none;
}

.c7:disabled *[fill^='#'] {
  fill: #B0B5BD;
}

.c7:focus-visible {
  outline-offset: 2px;
  outline: #0062FF solid 2px;
}

.c7:focus > .c9 {
  background-color: transparent;
}

.c7:hover > .c9 {
  background-color: #0000000D;
}

.c7:active > .c9 {
  background-color: #0000001F;
}

.c7:focus-visible > .c9 {
  background-color: transparent;
}

.c0 {
  overflow: hidden;
  position: relative;
  box-sizing: border-box;
  border-radius: 4px;
  padding: 12px 44px 12px 52px;
  border-width: 1px;
  border-style: solid;
  border-color: #0062FF;
  background-color: #EDF5FF;
}

.c2 {
  display: -webkit-box;
  display: -webkit-flex;
  display: -ms-flexbox;
  display: flex;
  -webkit-flex-direction: column;
  -ms-flex-direction: column;
  flex-direction: column;
  padding: 2px 0;
}

.c3 {
  font-family: 'VTB Group UI',sans-serif;
  font-style: normal;
  font-weight: 550;
  font-size: 14px;
  line-height: 20px;
  font-feature-settings: 'tnum' on,'lnum' on;
  color: #23262D;
  margin-bottom: 4px;
}

.c4 {
  font-family: 'VTB Group UI',sans-serif;
  font-style: normal;
  font-weight: 400;
  font-size: 14px;
  line-height: 20px;
  font-feature-settings: 'tnum' on,'lnum' on;
  color: #23262D;
}

.c5 {
  display: -webkit-box;
  display: -webkit-flex;
  display: -ms-flexbox;
  display: flex;
  margin-top: 4px;
  gap: 16px;
}

.c8 {
  position: absolute;
  top: 10px;
  right: 8px;
}

.c1 {
  position: absolute;
  top: 12px;
  left: 16px;
  width: 24px;
  height: 24px;
}

.c1 svg {
  width: 24px;
  height: 24px;
}

.c1 svg *[fill^='#'] {
  fill: #0062FF;
}

<div>
    <div
      aria-live="polite"
      class="c0"
      role="status"
    >
      <div
        class="c1"
      >
        <div />
      </div>
      <div
        class="c2"
      >
        <div
          class="c3"
        >
          Title
        </div>
        <div
          class="c4"
        >
          text
        </div>
        <div
          class="c5"
        >
          <button
            class="c6"
            data-appearance="primary"
            data-dimension="s"
            type="button"
          >
            <div
              class=""
            >
              <span>
                Link
              </span>
            </div>
          </button>
        </div>
      </div>
      <button
        class="c7 close-button c8"
        type="button"
      >
        <div
          aria-hidden="true"
          class="c9 c10"
        />
        <div
          aria-hidden="true"
          class="c11"
        >
          <div
            aria-hidden="true"
          />
        </div>
      </button>
    </div>
  </div>,
  "debug": [Function],
  "findAllByAltText": [Function],
  "findAllByDisplayValue": [Function],
  "findAllByLabelText": [Function],
  "findAllByPlaceholderText": [Function],
  "findAllByRole": [Function],
  "findAllByTestId": [Function],
  "findAllByText": [Function],
  "findAllByTitle": [Function],
  "findByAltText": [Function],
  "findByDisplayValue": [Function],
  "findByLabelText": [Function],
  "findByPlaceholderText": [Function],
  "findByRole": [Function],
  "findByTestId": [Function],
  "findByText": [Function],
  "findByTitle": [Function],
  "getAllByAltText": [Function],
  "getAllByDisplayValue": [Function],
  "getAllByLabelText": [Function],
  "getAllByPlaceholderText": [Function],
  "getAllByRole": [Function],
  "getAllByTestId": [Function],
  "getAllByText": [Function],
  "getAllByTitle": [Function],
  "getByAltText": [Function],
  "getByDisplayValue": [Function],
  "getByLabelText": [Function],
  "getByPlaceholderText": [Function],
  "getByRole": [Function],
  "getByTestId": [Function],
  "getByText": [Function],
  "getByTitle": [Function],
  "queryAllByAltText": [Function],
  "queryAllByDisplayValue": [Function],
  "queryAllByLabelText": [Function],
  "queryAllByPlaceholderText": [Function],
  "queryAllByRole": [Function],
  "queryAllByTestId": [Function],
  "queryAllByText": [Function],
  "queryAllByTitle": [Function],
  "queryByAltText": [Function],
  "queryByDisplayValue": [Function],
  "queryByLabelText": [Function],
  "queryByPlaceholderText": [Function],
  "queryByRole": [Function],
  "queryByTestId": [Function],
  "queryByText": [Function],
  "queryByTitle": [Function],
  "rerender": [Function],
  "unmount": [Function],
}
`;
