// Jest Snapshot v1, https://goo.gl/fbAQLP

exports[`ContentSwitcher should render component with Button 1`] = `
.c2 {
  border: none;
  border-radius: 22px;
  cursor: pointer;
  display: flex;
  align-items: center;
  position: relative;
  outline: 0;
  background-color: transparent;
  font-family: var(--admiral-font-family, 'VTB Group UI', sans-serif);
  font-style: normal;
  font-weight: var(--admiral-font-weight-Button_Button1, 500);
  font-size: var(--admiral-font-size-Button_Button1, 16px);
  line-height: var(--admiral-line-height-Button_Button1, 24px);
  font-feature-settings: 'tnum' on,'lnum' on;
  text-rendering: geometricPrecision;
  white-space: nowrap;
  color: var(--admiral-color-Neutral_Neutral50, #74767B);
}

[data-appearance~='primary'] .c2.c2 {
  color: var(--admiral-color-Primary_Primary60Main, #0062FF);
}

.c2:hover:not(:disabled) {
  background: var(--admiral-color-Opacity_Hover, #0000000D);
}

.c2:active:not(:disabled) {
  background: var(--admiral-color-Opacity_Press, #0000001F);
}

.c2 *[fill^='#'] {
  fill: var(--admiral-color-Neutral_Neutral50, #74767B);
}

[data-appearance~='primary'] .c2.c2 *[fill^='#'] {
  fill: var(--admiral-color-Primary_Primary60Main, #0062FF);
}

[data-appearance~='primary'] .c2.c2 {
  background-color: transparent;
}

[data-appearance~='primary'] .c2.c2:hover:not(:disabled) {
  background: var(--admiral-color-Opacity_Hover, #0000000D);
}

[data-appearance~='primary'] .c2.c2:active:not(:disabled) {
  background: var(--admiral-color-Opacity_Press, #0000001F);
}

.c0 {
  background: var(--admiral-color-Opacity_Neutral8, #00000014);
  border: 2px solid transparent;
  border-radius: 20px;
  display: inline-flex;
  height: 32px;
  padding: 2px;
}

.c0[data-appearance~='primary'] {
  border: 2px solid var(--admiral-color-Primary_Primary60Main, #0062FF);
  background-color: transparent;
}

.c0 .c1 {
  height: 100%;
  padding: 0 16px;
  font-size: 14px;
  line-height: 20px;
}

.c0 >*:not(:first-child) {
  margin-left: 8px;
}

<div>
  <div
    class="c0"
    data-appearance="secondary"
    tabindex="-1"
  >
    <button
      class="c1 c2"
      type="button"
    >
      Button
    </button>
  </div>
</div>
`;

exports[`ContentSwitcher should render component with Buttons 1`] = `
.c2 {
  border: none;
  border-radius: 22px;
  cursor: pointer;
  display: flex;
  align-items: center;
  position: relative;
  outline: 0;
  background-color: transparent;
  font-family: var(--admiral-font-family, 'VTB Group UI', sans-serif);
  font-style: normal;
  font-weight: var(--admiral-font-weight-Button_Button1, 500);
  font-size: var(--admiral-font-size-Button_Button1, 16px);
  line-height: var(--admiral-line-height-Button_Button1, 24px);
  font-feature-settings: 'tnum' on,'lnum' on;
  text-rendering: geometricPrecision;
  white-space: nowrap;
  color: var(--admiral-color-Neutral_Neutral50, #74767B);
}

[data-appearance~='primary'] .c2.c2 {
  color: var(--admiral-color-Primary_Primary60Main, #0062FF);
}

.c2:hover:not(:disabled) {
  background: var(--admiral-color-Opacity_Hover, #0000000D);
}

.c2:active:not(:disabled) {
  background: var(--admiral-color-Opacity_Press, #0000001F);
}

.c2 *[fill^='#'] {
  fill: var(--admiral-color-Neutral_Neutral50, #74767B);
}

[data-appearance~='primary'] .c2.c2 *[fill^='#'] {
  fill: var(--admiral-color-Primary_Primary60Main, #0062FF);
}

[data-appearance~='primary'] .c2.c2 {
  background-color: transparent;
}

[data-appearance~='primary'] .c2.c2:hover:not(:disabled) {
  background: var(--admiral-color-Opacity_Hover, #0000000D);
}

[data-appearance~='primary'] .c2.c2:active:not(:disabled) {
  background: var(--admiral-color-Opacity_Press, #0000001F);
}

.c0 {
  background: var(--admiral-color-Opacity_Neutral8, #00000014);
  border: 2px solid transparent;
  border-radius: 20px;
  display: inline-flex;
  height: 32px;
  padding: 2px;
}

.c0[data-appearance~='primary'] {
  border: 2px solid var(--admiral-color-Primary_Primary60Main, #0062FF);
  background-color: transparent;
}

.c0 .c1 {
  height: 100%;
  padding: 0 16px;
  font-size: 14px;
  line-height: 20px;
}

.c0 >*:not(:first-child) {
  margin-left: 8px;
}

<div>
  <div
    class="c0"
    data-appearance="secondary"
    tabindex="-1"
  >
    <button
      class="c1 c2"
      type="button"
    >
      Button
    </button>
    <button
      class="c1 c2"
      type="button"
    >
      Button
    </button>
    <button
      class="c1 c2"
      type="button"
    >
      Button
    </button>
    <button
      class="c1 c2"
      type="button"
    >
      Button
    </button>
  </div>
</div>
`;
