// Jest Snapshot v1, https://goo.gl/fbAQLP

exports[`IconButton should render component 1`] = `
.c0 {
  box-sizing: border-box;
  display: inline-block;
  border: none;
  border-radius: 4px;
  background: transparent;
  -webkit-tap-highlight-color: transparent;
  -webkit-appearance: none;
  -moz-appearance: none;
  appearance: none;
  vertical-align: center;
}

.c0[data-dimension='xl'] {
  padding: 0;
  height: 56px;
  width: 56px;
}

.c0[data-dimension='l'] {
  height: 48px;
  width: 48px;
}

.c0[data-dimension='m'] {
  height: 40px;
  width: 40px;
}

.c0[data-dimension='s'] {
  height: 32px;
  width: 32px;
}

.c0:hover {
  cursor: pointer;
  background: #F1F2F4;
}

.c0:hover *[fill^='#'] {
  fill: #0A54C2;
}

.c0:active *[fill^='#'] {
  fill: #0949AA;
}

.c0:disabled {
  cursor: not-allowed;
  background-color: transparent;
}

.c0:disabled *[fill^='#'] {
  fill: #A7B0BE;
}

.c1 {
  vertical-align: top;
  display: -webkit-inline-box;
  display: -webkit-inline-flex;
  display: -ms-inline-flexbox;
  display: inline-flex;
  -webkit-flex-direction: row;
  -ms-flex-direction: row;
  flex-direction: row;
  overflow: hidden;
  -webkit-flex-wrap: nowrap;
  -ms-flex-wrap: nowrap;
  flex-wrap: nowrap;
  -webkit-box-pack: center;
  -webkit-justify-content: center;
  -ms-flex-pack: center;
  justify-content: center;
  -webkit-align-items: center;
  -webkit-box-align: center;
  -ms-flex-align: center;
  align-items: center;
  height: 20px;
}

.c1 > * {
  display: inline-block;
  -webkit-flex: 0 1 auto;
  -ms-flex: 0 1 auto;
  flex: 0 1 auto;
  white-space: nowrap;
}

.c1 > *:not(:first-child) {
  margin-left: 8px;
}

.c1 *[fill^='#'] {
  fill: #626F84;
}

.c1 > svg {
  width: 20px;
  height: 20px;
}

<div>
  <button
    class="c0"
    data-dimension="xl"
    type="button"
  >
    <span
      class="c1"
    />
  </button>
</div>
`;
