// Jest Snapshot v1, https://goo.gl/fbAQLP

exports[`Spinner should render component with inverse color 1`] = `
Object {
  "asFragment": [Function],
  "baseElement": .c0 {
  position: relative;
  width: 24px;
  height: 24px;
}

.c0 svg {
  -webkit-animation: cilQsd 1s linear infinite;
  animation: cilQsd 1s linear infinite;
}

.c0 svg path {
  fill: #FFFFFF;
}

<body>
    <div>
      <div
        aria-live="assertive"
        class="c0"
        role="alert"
      >
        <div />
      </div>
    </div>
  </body>,
  "container": .c0 {
  position: relative;
  width: 24px;
  height: 24px;
}

.c0 svg {
  -webkit-animation: cilQsd 1s linear infinite;
  animation: cilQsd 1s linear infinite;
}

.c0 svg path {
  fill: #FFFFFF;
}

<div>
    <div
      aria-live="assertive"
      class="c0"
      role="alert"
    >
      <div />
    </div>
  </div>,
  "debug": [Function],
  "findAllByAltText": [Function],
  "findAllByDisplayValue": [Function],
  "findAllByLabelText": [Function],
  "findAllByPlaceholderText": [Function],
  "findAllByRole": [Function],
  "findAllByTestId": [Function],
  "findAllByText": [Function],
  "findAllByTitle": [Function],
  "findByAltText": [Function],
  "findByDisplayValue": [Function],
  "findByLabelText": [Function],
  "findByPlaceholderText": [Function],
  "findByRole": [Function],
  "findByTestId": [Function],
  "findByText": [Function],
  "findByTitle": [Function],
  "getAllByAltText": [Function],
  "getAllByDisplayValue": [Function],
  "getAllByLabelText": [Function],
  "getAllByPlaceholderText": [Function],
  "getAllByRole": [Function],
  "getAllByTestId": [Function],
  "getAllByText": [Function],
  "getAllByTitle": [Function],
  "getByAltText": [Function],
  "getByDisplayValue": [Function],
  "getByLabelText": [Function],
  "getByPlaceholderText": [Function],
  "getByRole": [Function],
  "getByTestId": [Function],
  "getByText": [Function],
  "getByTitle": [Function],
  "queryAllByAltText": [Function],
  "queryAllByDisplayValue": [Function],
  "queryAllByLabelText": [Function],
  "queryAllByPlaceholderText": [Function],
  "queryAllByRole": [Function],
  "queryAllByTestId": [Function],
  "queryAllByText": [Function],
  "queryAllByTitle": [Function],
  "queryByAltText": [Function],
  "queryByDisplayValue": [Function],
  "queryByLabelText": [Function],
  "queryByPlaceholderText": [Function],
  "queryByRole": [Function],
  "queryByTestId": [Function],
  "queryByText": [Function],
  "queryByTitle": [Function],
  "rerender": [Function],
  "unmount": [Function],
}
`;

exports[`Spinner should render component with small dimension 1`] = `
Object {
  "asFragment": [Function],
  "baseElement": .c0 {
  position: relative;
  width: 16px;
  height: 16px;
}

.c0 svg {
  -webkit-animation: cilQsd 1s linear infinite;
  animation: cilQsd 1s linear infinite;
}

.c0 svg path {
  fill: #0D69F2;
}

<body>
    <div>
      <div
        aria-live="assertive"
        class="c0"
        role="alert"
      >
        <div />
      </div>
    </div>
  </body>,
  "container": .c0 {
  position: relative;
  width: 16px;
  height: 16px;
}

.c0 svg {
  -webkit-animation: cilQsd 1s linear infinite;
  animation: cilQsd 1s linear infinite;
}

.c0 svg path {
  fill: #0D69F2;
}

<div>
    <div
      aria-live="assertive"
      class="c0"
      role="alert"
    >
      <div />
    </div>
  </div>,
  "debug": [Function],
  "findAllByAltText": [Function],
  "findAllByDisplayValue": [Function],
  "findAllByLabelText": [Function],
  "findAllByPlaceholderText": [Function],
  "findAllByRole": [Function],
  "findAllByTestId": [Function],
  "findAllByText": [Function],
  "findAllByTitle": [Function],
  "findByAltText": [Function],
  "findByDisplayValue": [Function],
  "findByLabelText": [Function],
  "findByPlaceholderText": [Function],
  "findByRole": [Function],
  "findByTestId": [Function],
  "findByText": [Function],
  "findByTitle": [Function],
  "getAllByAltText": [Function],
  "getAllByDisplayValue": [Function],
  "getAllByLabelText": [Function],
  "getAllByPlaceholderText": [Function],
  "getAllByRole": [Function],
  "getAllByTestId": [Function],
  "getAllByText": [Function],
  "getAllByTitle": [Function],
  "getByAltText": [Function],
  "getByDisplayValue": [Function],
  "getByLabelText": [Function],
  "getByPlaceholderText": [Function],
  "getByRole": [Function],
  "getByTestId": [Function],
  "getByText": [Function],
  "getByTitle": [Function],
  "queryAllByAltText": [Function],
  "queryAllByDisplayValue": [Function],
  "queryAllByLabelText": [Function],
  "queryAllByPlaceholderText": [Function],
  "queryAllByRole": [Function],
  "queryAllByTestId": [Function],
  "queryAllByText": [Function],
  "queryAllByTitle": [Function],
  "queryByAltText": [Function],
  "queryByDisplayValue": [Function],
  "queryByLabelText": [Function],
  "queryByPlaceholderText": [Function],
  "queryByRole": [Function],
  "queryByTestId": [Function],
  "queryByText": [Function],
  "queryByTitle": [Function],
  "rerender": [Function],
  "unmount": [Function],
}
`;

exports[`Spinner should render default component 1`] = `
Object {
  "asFragment": [Function],
  "baseElement": .c0 {
  position: relative;
  width: 24px;
  height: 24px;
}

.c0 svg {
  -webkit-animation: cilQsd 1s linear infinite;
  animation: cilQsd 1s linear infinite;
}

.c0 svg path {
  fill: #0D69F2;
}

<body>
    <div>
      <div
        aria-live="assertive"
        class="c0"
        role="alert"
      >
        <div />
      </div>
    </div>
  </body>,
  "container": .c0 {
  position: relative;
  width: 24px;
  height: 24px;
}

.c0 svg {
  -webkit-animation: cilQsd 1s linear infinite;
  animation: cilQsd 1s linear infinite;
}

.c0 svg path {
  fill: #0D69F2;
}

<div>
    <div
      aria-live="assertive"
      class="c0"
      role="alert"
    >
      <div />
    </div>
  </div>,
  "debug": [Function],
  "findAllByAltText": [Function],
  "findAllByDisplayValue": [Function],
  "findAllByLabelText": [Function],
  "findAllByPlaceholderText": [Function],
  "findAllByRole": [Function],
  "findAllByTestId": [Function],
  "findAllByText": [Function],
  "findAllByTitle": [Function],
  "findByAltText": [Function],
  "findByDisplayValue": [Function],
  "findByLabelText": [Function],
  "findByPlaceholderText": [Function],
  "findByRole": [Function],
  "findByTestId": [Function],
  "findByText": [Function],
  "findByTitle": [Function],
  "getAllByAltText": [Function],
  "getAllByDisplayValue": [Function],
  "getAllByLabelText": [Function],
  "getAllByPlaceholderText": [Function],
  "getAllByRole": [Function],
  "getAllByTestId": [Function],
  "getAllByText": [Function],
  "getAllByTitle": [Function],
  "getByAltText": [Function],
  "getByDisplayValue": [Function],
  "getByLabelText": [Function],
  "getByPlaceholderText": [Function],
  "getByRole": [Function],
  "getByTestId": [Function],
  "getByText": [Function],
  "getByTitle": [Function],
  "queryAllByAltText": [Function],
  "queryAllByDisplayValue": [Function],
  "queryAllByLabelText": [Function],
  "queryAllByPlaceholderText": [Function],
  "queryAllByRole": [Function],
  "queryAllByTestId": [Function],
  "queryAllByText": [Function],
  "queryAllByTitle": [Function],
  "queryByAltText": [Function],
  "queryByDisplayValue": [Function],
  "queryByLabelText": [Function],
  "queryByPlaceholderText": [Function],
  "queryByRole": [Function],
  "queryByTestId": [Function],
  "queryByText": [Function],
  "queryByTitle": [Function],
  "rerender": [Function],
  "unmount": [Function],
}
`;
