// Jest Snapshot v1, https://goo.gl/fbAQLP

exports[`IconButton should render component 1`] = `
.c0 {
  box-sizing: border-box;
  display: inline-block;
  border: none;
  border-radius: var(--admiral-border-radius-Medium, 4px);
  background: transparent;
  -webkit-tap-highlight-color: transparent;
  appearance: none;
  vertical-align: middle;
}

.icon-button-group[data-dimension='xl'] .c0,
.c0[data-dimension='xl'] {
  padding: 0;
  height: 56px;
  width: 56px;
}

.icon-button-group[data-dimension='l'] .c0,
.c0[data-dimension='l'] {
  height: 48px;
  width: 48px;
}

.icon-button-group[data-dimension='m'] .c0,
.c0[data-dimension='m'] {
  height: 40px;
  width: 40px;
}

.icon-button-group[data-dimension='s'] .c0,
.c0[data-dimension='s'] {
  height: 32px;
  width: 32px;
}

.c0:hover {
  cursor: pointer;
  background: var(--admiral-color-Opacity_Hover, #0000000D);
}

.c0:hover *[fill^='#'] {
  fill: var(--admiral-color-Neutral_Neutral50, #74767B);
}

.c0:active {
  background: var(--admiral-color-Opacity_Press, #0000001F);
}

.c0:active *[fill^='#'] {
  fill: var(--admiral-color-Neutral_Neutral50, #74767B);
}

.c0:disabled {
  cursor: not-allowed;
  background-color: transparent;
}

.c0:disabled *[fill^='#'] {
  fill: var(--admiral-color-Neutral_Neutral30, #B2B5B8);
}

.c0:focus-visible {
  outline-offset: 2px;
  outline: var(--admiral-color-Primary_Primary60Main, #0062FF) solid 2px;
}

.c1 {
  vertical-align: top;
  display: inline-flex;
  flex-direction: row;
  overflow: hidden;
  flex-wrap: nowrap;
  justify-content: center;
  align-items: center;
  width: 24px;
  height: 24px;
}

.icon-button-group[data-dimension='m'] .c1.c1,
.icon-button-group[data-dimension='l'] .c1.c1,
.icon-button-group[data-dimension='xl'] .c1.c1 {
  width: 24px;
  height: 24px;
}

.icon-button-group[data-dimension='s'] .c1.c1 {
  width: 20px;
  height: 20px;
}

.c1 >* {
  display: inline-block;
  flex: 0 1 auto;
  white-space: nowrap;
}

.c1 >*:not(:first-child) {
  margin-left: 8px;
}

.c1 *[fill^='#'] {
  fill: var(--admiral-color-Neutral_Neutral50, #74767B);
}

.c1>svg {
  width: 100%;
  height: 100%;
}

<div>
  <button
    class="c0"
    data-dimension="xl"
    type="button"
  >
    <span
      class="c1"
    />
  </button>
</div>
`;
