// Jest Snapshot v1, https://goo.gl/fbAQLP

exports[`DateField should render component 1`] = `
.c1 {
  position: relative;
  display: flex;
  align-items: stretch;
  border: none;
  border-radius: var(--admiral-border-radius-Medium, 4px);
  pointer-events: all;
}

.c2 {
  height: 40px;
}

.c0 {
  display: flex;
  overflow: hidden;
  flex-direction: column;
}

.c11 {
  display: flex;
  justify-content: space-between;
}

.c10 {
  cursor: pointer;
}

.c10 *[fill^='#'] {
  fill: var(--admiral-color-Neutral_Neutral50, #74767B);
}

[data-loading] .c10.c10.c10 {
  pointer-events: none;
}

[disabled] .c10.c10.c10 {
  pointer-events: none;
}

[disabled] .c10.c10.c10 *[fill^='#'] {
  fill: var(--admiral-color-Neutral_Neutral30, #B2B5B8);
}

.c10:hover *[fill^='#'] {
  fill: var(--admiral-color-Primary_Primary70, #0046E2);
}

.c7 {
  position: absolute;
  top: 0;
  bottom: 0;
  left: 0;
  right: 0;
  margin: 0;
  pointer-events: none;
  overflow: hidden;
  min-width: 0;
  background: none;
  border-radius: inherit;
  border: 1px solid var(--admiral-color-Neutral_Neutral40, #9EA0A4);
}

.c5 {
  outline: none;
  appearance: none;
  border-radius: inherit;
  box-sizing: border-box;
  flex: 1 1 auto;
  min-width: 10px;
  border: none;
  text-overflow: ellipsis;
  padding: 0 16px;
  font-family: var(--admiral-font-family, 'VTB Group UI', sans-serif);
  font-style: normal;
  font-weight: var(--admiral-font-weight-Body_Body1Long, 400);
  font-size: var(--admiral-font-size-Body_Body1Long, 16px);
  line-height: var(--admiral-line-height-Body_Body1Long, 24px);
  font-feature-settings: 'tnum' on,'lnum' on;
  text-rendering: geometricPrecision;
  color: var(--admiral-color-Neutral_Neutral90, #252629);
  background-color: var(--admiral-color-Neutral_Neutral00, #FFFFFF);
  padding-right: 48px;
  padding-left: 16px;
}

.c5.c5.c5:disabled {
  color: var(--admiral-color-Neutral_Neutral30, #B2B5B8);
}

.c5::placeholder {
  color: var(--admiral-color-Neutral_Neutral50, #74767B);
}

.c5:disabled::placeholder {
  color: var(--admiral-color-Neutral_Neutral30, #B2B5B8);
}

[data-disable-copying] .c5 {
  user-select: none;
}

[data-disable-copying] .c5::selection {
  background-color: transparent;
}

.c5.c5.c5:user-invalid+.c6 {
  border: 1px solid var(--admiral-color-Error_Error60Main, #D92020);
}

.c5.c5.c5:user-invalid:hover:not(:disabled)+.c6 {
  border: 1px solid var(--admiral-color-Error_Error70, #BA1717);
}

.c5.c5.c5:user-invalid:focus:not(:disabled)+.c6 {
  border: 2px solid var(--admiral-color-Error_Error60Main, #D92020);
}

[data-read-only] .c5.c5.c5,
.c5.c5.c5:disabled {
  background-color: var(--admiral-color-Neutral_Neutral10, #EAEBEC);
  border-color: transparent;
}

[data-loading] .c5.c5.c5,
.c5.c5.c5:disabled {
  cursor: not-allowed;
  pointer-events: none;
}

.c5 ::-ms-clear,
.c5 ::-ms-reveal {
  display: none;
}

.c8 {
  position: absolute;
  top: 0;
  bottom: 0;
  display: flex;
  align-items: center;
}

.c8 svg {
  border-radius: var(--admiral-border-radius-Medium, 4px);
  display: block;
  width: 24px;
}

.c8 svg:focus {
  outline: none;
}

.c8 svg:focus-visible {
  outline-offset: 2px;
  outline: var(--admiral-color-Primary_Primary60Main, #0062FF) solid 2px;
}

.c9 {
  right: 0;
  padding-right: 16px;
}

.c9>*:not(:first-child) {
  margin-left: 8px;
}

.c3:focus-within:not(:disabled)>.c6 {
  border: 2px solid var(--admiral-color-Primary_Primary60Main, #0062FF);
}

.c3:hover:not(:focus-within)>.c6 {
  border-color: var(--admiral-color-Neutral_Neutral60, #67696D);
}

.c4 {
  min-width: 150px;
}

<div>
  <div
    class="c0"
    data-field-id="some static snapshot id"
  >
    <div
      class=""
    >
      <div
        class="c1 c2 c3 c4"
      >
        <input
          class="c5"
          data-testid="my test input"
          id="some static snapshot id"
        />
        <div
          class="c6 c7"
        />
        <div
          class="c8 c9"
        >
          <div
            class="c10"
            tabindex="0"
          />
        </div>
      </div>
      <div
        class="c11"
      />
    </div>
  </div>
</div>
`;
