// Jest Snapshot v1, https://goo.gl/fbAQLP

exports[`ButtonGroup should render component with Button 1`] = `
.c2 {
  border: none;
  border-radius: 22px;
  cursor: pointer;
  display: -webkit-box;
  display: -webkit-flex;
  display: -ms-flexbox;
  display: flex;
  -webkit-align-items: center;
  -webkit-box-align: center;
  -ms-flex-align: center;
  align-items: center;
  position: relative;
  outline: 0;
  background-color: transparent;
  font-family: 'VTB Group UI',sans-serif;
  font-style: normal;
  font-weight: 500;
  font-size: 16px;
  line-height: 24px;
  font-feature-settings: 'tnum' on,'lnum' on;
  color: #2B313B;
  white-space: nowrap;
  color: #626F84;
}

[data-appearance~='primary'] .c2.c2 {
  color: #0D69F2;
}

.c2:hover:not(:disabled) {
  background: #D3D8DE;
  color: #626F84;
}

.c2 *[fill^='#'] {
  fill: #626F84;
}

[data-appearance~='primary'] .c2.c2 *[fill^='#'] {
  fill: #0D69F2;
}

[data-appearance~='primary'] .c2.c2 {
  background-color: transparent;
}

[data-appearance~='primary'] .c2.c2:hover:not(:disabled) {
  background: #F1F2F4;
  color: #0A54C2;
}

.c0 {
  background: #E2E5E9;
  border: 2px solid #E2E5E9;
  border-radius: 20px;
  display: -webkit-inline-box;
  display: -webkit-inline-flex;
  display: -ms-inline-flexbox;
  display: inline-flex;
  height: 32px;
  padding: 2px;
}

.c0[data-appearance~='primary'] {
  border: 2px solid #0D69F2;
  background-color: transparent;
}

.c0 .c1 {
  height: 100%;
  padding: 0 16px;
  font-size: 14px;
  line-height: 20px;
}

.c0 > *:not(:first-child) {
  margin-left: 8px;
}

<div>
  <div
    class="c0"
    data-appearance="secondary"
    tabindex="-1"
  >
    <button
      class="c1 c2"
      type="button"
    >
      Button
    </button>
  </div>
</div>
`;

exports[`ButtonGroup should render component with Buttons 1`] = `
.c2 {
  border: none;
  border-radius: 22px;
  cursor: pointer;
  display: -webkit-box;
  display: -webkit-flex;
  display: -ms-flexbox;
  display: flex;
  -webkit-align-items: center;
  -webkit-box-align: center;
  -ms-flex-align: center;
  align-items: center;
  position: relative;
  outline: 0;
  background-color: transparent;
  font-family: 'VTB Group UI',sans-serif;
  font-style: normal;
  font-weight: 500;
  font-size: 16px;
  line-height: 24px;
  font-feature-settings: 'tnum' on,'lnum' on;
  color: #2B313B;
  white-space: nowrap;
  color: #626F84;
}

[data-appearance~='primary'] .c2.c2 {
  color: #0D69F2;
}

.c2:hover:not(:disabled) {
  background: #D3D8DE;
  color: #626F84;
}

.c2 *[fill^='#'] {
  fill: #626F84;
}

[data-appearance~='primary'] .c2.c2 *[fill^='#'] {
  fill: #0D69F2;
}

[data-appearance~='primary'] .c2.c2 {
  background-color: transparent;
}

[data-appearance~='primary'] .c2.c2:hover:not(:disabled) {
  background: #F1F2F4;
  color: #0A54C2;
}

.c0 {
  background: #E2E5E9;
  border: 2px solid #E2E5E9;
  border-radius: 20px;
  display: -webkit-inline-box;
  display: -webkit-inline-flex;
  display: -ms-inline-flexbox;
  display: inline-flex;
  height: 32px;
  padding: 2px;
}

.c0[data-appearance~='primary'] {
  border: 2px solid #0D69F2;
  background-color: transparent;
}

.c0 .c1 {
  height: 100%;
  padding: 0 16px;
  font-size: 14px;
  line-height: 20px;
}

.c0 > *:not(:first-child) {
  margin-left: 8px;
}

<div>
  <div
    class="c0"
    data-appearance="secondary"
    tabindex="-1"
  >
    <button
      class="c1 c2"
      type="button"
    >
      Button
    </button>
    <button
      class="c1 c2"
      type="button"
    >
      Button
    </button>
    <button
      class="c1 c2"
      type="button"
    >
      Button
    </button>
    <button
      class="c1 c2"
      type="button"
    >
      Button
    </button>
  </div>
</div>
`;
