// Jest Snapshot v1, https://goo.gl/fbAQLP

exports[`Link should render component 1`] = `
.c0 {
  cursor: pointer;
  display: -webkit-box;
  display: -webkit-flex;
  display: -ms-flexbox;
  display: flex;
  pointer-events: auto;
  -webkit-align-items: center;
  -webkit-box-align: center;
  -ms-flex-align: center;
  align-items: center;
  width: -webkit-fit-content;
  width: -moz-fit-content;
  width: fit-content;
  -webkit-text-decoration: none;
  text-decoration: none;
  position: relative;
  color: #0D69F2;
  font-size: 16px;
  font-weight: normal;
  line-height: 24px;
  font-family: 'VTB Group UI',sans-serif;
}

.c0:hover {
  color: #0A54C2;
}

.c0:hover *[fill^='#'] {
  fill: #0A54C2;
}

.c0:focus {
  color: #0A54C2;
  outline-color: #0A54C2;
}

.c0:focus *[fill^='#'] {
  fill: #0A54C2;
}

.c0:active {
  color: #0949AA;
}

.c0:active *[fill^='#'] {
  fill: #0949AA;
}

.c0 *[fill^='#'] {
  fill: #0D69F2;
}

<div>
  <a
    class="c0"
    href="#"
  >
    Link TextInput
     
  </a>
</div>
`;
